R08_MODEL_INITIALIZING 04_triton_red_fused__to_copy_add_mean_mul_pow_rsqrt_0_pmc 30 seconds
R08_MODEL_INITIALIZING 04_triton_red_fused__to_copy_add_mean_mul_pow_rsqrt_0_pmc 60 seconds
R08_MODEL_INITIALIZING 04_triton_red_fused__to_copy_add_mean_mul_pow_rsqrt_0_pmc 90 seconds
R08_MODEL_INITIALIZING 04_triton_red_fused__to_copy_add_mean_mul_pow_rsqrt_0_pmc 120 seconds
R08_MODEL_INITIALIZING 04_triton_red_fused__to_copy_add_mean_mul_pow_rsqrt_0_pmc 150 seconds
R08_MODEL_INITIALIZING 04_triton_red_fused__to_copy_add_mean_mul_pow_rsqrt_0_pmc 180 seconds
R08_MODEL_INITIALIZING 04_triton_red_fused__to_copy_add_mean_mul_pow_rsqrt_0_pmc 210 seconds
R08_MODEL_INITIALIZING 04_triton_red_fused__to_copy_add_mean_mul_pow_rsqrt_0_pmc 240 seconds
R08_MODEL_INITIALIZING 04_triton_red_fused__to_copy_add_mean_mul_pow_rsqrt_0_pmc 270 seconds
R08_MODEL_INITIALIZING 04_triton_red_fused__to_copy_add_mean_mul_pow_rsqrt_0_pmc 300 seconds
R08_MODEL_INITIALIZING 04_triton_red_fused__to_copy_add_mean_mul_pow_rsqrt_0_pmc 330 seconds
R08_MODEL_INITIALIZING 04_triton_red_fused__to_copy_add_mean_mul_pow_rsqrt_0_pmc 360 seconds
R08_MODEL_INITIALIZING 04_triton_red_fused__to_copy_add_mean_mul_pow_rsqrt_0_pmc 390 seconds
R08_MODEL_READY 04_triton_red_fused__to_copy_add_mean_mul_pow_rsqrt_0_pmc 410.47
HIP_PROF:on Tue Sep  8 17:56:15 2026
HIP_PROF:process id '384763'
HIP_PROF:db file '/public/home/accl15ptg7/auto_trace/perf_trace_batch8/runtime/workflow01-10-fresh-e2e/batch8-dp2-fresh-003/artifacts/R08/continuation_001/raw/captures/04_triton_red_fused__to_copy_add_mean_mul_pow_rsqrt_0_pmc/attempt_002/capture.db'
HIP_PROF:out put file '/public/home/accl15ptg7/auto_trace/perf_trace_batch8/runtime/workflow01-10-fresh-e2e/batch8-dp2-fresh-003/artifacts/R08/continuation_001/raw/captures/04_triton_red_fused__to_copy_add_mean_mul_pow_rsqrt_0_pmc/attempt_002/capture'
HIP_PROF:profiling ' /usr/bin/python3 -B /public/home/accl15ptg7/auto_trace/perf_trace_batch8/runtime/workflow01-10-fresh-e2e/batch8-dp2-fresh-003/artifacts/R08/continuation_001/raw/runtime_tools/revision_017/run_capture.py tracee --pass-root /public/home/accl15ptg7/auto_trace/perf_trace_batch8/runtime/workflow01-10-fresh-e2e/batch8-dp2-fresh-003/artifacts/R08/continuation_001/raw/captures/04_triton_red_fused__to_copy_add_mean_mul_pow_rsqrt_0_pmc/attempt_002 --segment 04_triton_red_fused__to_copy_add_mean_mul_pow_rsqrt_0_pmc'
HIP_PROF:process begin
HIP_PROF:process end run total cost:2232(s)
HIP_PROF:finish
