R08_MODEL_INITIALIZING 01__gqa6_pmc 30 seconds
R08_MODEL_INITIALIZING 01__gqa6_pmc 60 seconds
R08_MODEL_INITIALIZING 01__gqa6_pmc 90 seconds
R08_MODEL_INITIALIZING 01__gqa6_pmc 120 seconds
R08_MODEL_INITIALIZING 01__gqa6_pmc 150 seconds
R08_MODEL_INITIALIZING 01__gqa6_pmc 180 seconds
R08_MODEL_INITIALIZING 01__gqa6_pmc 210 seconds
R08_MODEL_INITIALIZING 01__gqa6_pmc 240 seconds
R08_MODEL_INITIALIZING 01__gqa6_pmc 270 seconds
R08_MODEL_INITIALIZING 01__gqa6_pmc 300 seconds
R08_MODEL_INITIALIZING 01__gqa6_pmc 330 seconds
R08_MODEL_INITIALIZING 01__gqa6_pmc 360 seconds
R08_MODEL_INITIALIZING 01__gqa6_pmc 390 seconds
R08_MODEL_INITIALIZING 01__gqa6_pmc 420 seconds
R08_MODEL_INITIALIZING 01__gqa6_pmc 450 seconds
R08_MODEL_INITIALIZING 01__gqa6_pmc 480 seconds
R08_MODEL_INITIALIZING 01__gqa6_pmc 510 seconds
R08_MODEL_INITIALIZING 01__gqa6_pmc 540 seconds
R08_MODEL_INITIALIZING 01__gqa6_pmc 570 seconds
R08_MODEL_INITIALIZING 01__gqa6_pmc 600 seconds
R08_MODEL_INITIALIZING 01__gqa6_pmc 630 seconds
R08_MODEL_INITIALIZING 01__gqa6_pmc 660 seconds
R08_MODEL_INITIALIZING 01__gqa6_pmc 690 seconds
R08_MODEL_INITIALIZING 01__gqa6_pmc 720 seconds
R08_MODEL_INITIALIZING 01__gqa6_pmc 750 seconds
R08_MODEL_INITIALIZING 01__gqa6_pmc 780 seconds
R08_MODEL_INITIALIZING 01__gqa6_pmc 810 seconds
R08_MODEL_INITIALIZING 01__gqa6_pmc 840 seconds
R08_MODEL_INITIALIZING 01__gqa6_pmc 870 seconds
R08_MODEL_INITIALIZING 01__gqa6_pmc 900 seconds
[31mHIP_PROF [2026-09-08 13:48:57.126473] [47242] [ERROR]: exited with status: 143
[m
HIP_PROF:on Tue Sep  8 13:33:42 2026
HIP_PROF:process id '47241'
HIP_PROF:db file '/public/home/accl15ptg7/auto_trace/perf_trace_batch8/runtime/workflow01-10-fresh-e2e/batch8-dp2-fresh-003/artifacts/R08/continuation_001/raw/captures/01__gqa6_pmc/attempt_002/capture.db'
HIP_PROF:out put file '/public/home/accl15ptg7/auto_trace/perf_trace_batch8/runtime/workflow01-10-fresh-e2e/batch8-dp2-fresh-003/artifacts/R08/continuation_001/raw/captures/01__gqa6_pmc/attempt_002/capture'
HIP_PROF:profiling ' /usr/bin/python -B /public/home/accl15ptg7/auto_trace/perf_trace_batch8/runtime/workflow01-10-fresh-e2e/batch8-dp2-fresh-003/artifacts/R08/continuation_001/tools/revision_008/run_capture.py tracee --pass-root /public/home/accl15ptg7/auto_trace/perf_trace_batch8/runtime/workflow01-10-fresh-e2e/batch8-dp2-fresh-003/artifacts/R08/continuation_001/raw/captures/01__gqa6_pmc/attempt_002 --segment 01__gqa6_pmc'
HIP_PROF:process begin
HIP_PROF:process end run total cost:915(s)
HIP_PROF:finish
