R08_MODEL_INITIALIZING 02__gqa6_pmc_read 30 seconds
R08_MODEL_INITIALIZING 02__gqa6_pmc_read 60 seconds
R08_MODEL_INITIALIZING 02__gqa6_pmc_read 90 seconds
R08_MODEL_INITIALIZING 02__gqa6_pmc_read 120 seconds
R08_MODEL_INITIALIZING 02__gqa6_pmc_read 150 seconds
R08_MODEL_INITIALIZING 02__gqa6_pmc_read 180 seconds
R08_MODEL_INITIALIZING 02__gqa6_pmc_read 210 seconds
R08_MODEL_INITIALIZING 02__gqa6_pmc_read 240 seconds
R08_MODEL_INITIALIZING 02__gqa6_pmc_read 270 seconds
R08_MODEL_INITIALIZING 02__gqa6_pmc_read 300 seconds
R08_MODEL_INITIALIZING 02__gqa6_pmc_read 330 seconds
R08_MODEL_INITIALIZING 02__gqa6_pmc_read 360 seconds
R08_MODEL_INITIALIZING 02__gqa6_pmc_read 390 seconds
R08_MODEL_INITIALIZING 02__gqa6_pmc_read 420 seconds
R08_MODEL_INITIALIZING 02__gqa6_pmc_read 450 seconds
R08_MODEL_INITIALIZING 02__gqa6_pmc_read 480 seconds
R08_MODEL_INITIALIZING 02__gqa6_pmc_read 510 seconds
R08_MODEL_INITIALIZING 02__gqa6_pmc_read 540 seconds
R08_MODEL_INITIALIZING 02__gqa6_pmc_read 570 seconds
R08_MODEL_INITIALIZING 02__gqa6_pmc_read 600 seconds
R08_MODEL_INITIALIZING 02__gqa6_pmc_read 630 seconds
R08_MODEL_INITIALIZING 02__gqa6_pmc_read 660 seconds
R08_MODEL_INITIALIZING 02__gqa6_pmc_read 690 seconds
R08_MODEL_INITIALIZING 02__gqa6_pmc_read 720 seconds
R08_MODEL_INITIALIZING 02__gqa6_pmc_read 750 seconds
R08_MODEL_READY 02__gqa6_pmc_read 774.83
HIP_PROF:on Tue Sep  8 15:20:46 2026
HIP_PROF:process id '204207'
HIP_PROF:db file '/public/home/accl15ptg7/auto_trace/perf_trace_batch8/runtime/workflow01-10-fresh-e2e/batch8-dp2-fresh-003/artifacts/R08/continuation_001/raw/captures/02__gqa6_pmc_read/attempt_001/capture.db'
HIP_PROF:out put file '/public/home/accl15ptg7/auto_trace/perf_trace_batch8/runtime/workflow01-10-fresh-e2e/batch8-dp2-fresh-003/artifacts/R08/continuation_001/raw/captures/02__gqa6_pmc_read/attempt_001/capture'
HIP_PROF:profiling ' /usr/bin/python -B /public/home/accl15ptg7/auto_trace/perf_trace_batch8/runtime/workflow01-10-fresh-e2e/batch8-dp2-fresh-003/artifacts/R08/continuation_001/tools/revision_013/run_capture.py tracee --pass-root /public/home/accl15ptg7/auto_trace/perf_trace_batch8/runtime/workflow01-10-fresh-e2e/batch8-dp2-fresh-003/artifacts/R08/continuation_001/raw/captures/02__gqa6_pmc_read/attempt_001 --segment 02__gqa6_pmc_read'
HIP_PROF:process begin
HIP_PROF:process end run total cost:1518(s)
HIP_PROF:finish
