R08_MODEL_INITIALIZING 08_chunk_gated_delta_rule_fwd_kernel_h_blockdim64_pmc_read 30 seconds
R08_MODEL_INITIALIZING 08_chunk_gated_delta_rule_fwd_kernel_h_blockdim64_pmc_read 60 seconds
R08_MODEL_INITIALIZING 08_chunk_gated_delta_rule_fwd_kernel_h_blockdim64_pmc_read 90 seconds
R08_MODEL_INITIALIZING 08_chunk_gated_delta_rule_fwd_kernel_h_blockdim64_pmc_read 120 seconds
R08_MODEL_INITIALIZING 08_chunk_gated_delta_rule_fwd_kernel_h_blockdim64_pmc_read 150 seconds
R08_MODEL_INITIALIZING 08_chunk_gated_delta_rule_fwd_kernel_h_blockdim64_pmc_read 180 seconds
R08_MODEL_INITIALIZING 08_chunk_gated_delta_rule_fwd_kernel_h_blockdim64_pmc_read 210 seconds
R08_MODEL_INITIALIZING 08_chunk_gated_delta_rule_fwd_kernel_h_blockdim64_pmc_read 240 seconds
R08_MODEL_INITIALIZING 08_chunk_gated_delta_rule_fwd_kernel_h_blockdim64_pmc_read 270 seconds
R08_MODEL_INITIALIZING 08_chunk_gated_delta_rule_fwd_kernel_h_blockdim64_pmc_read 300 seconds
R08_MODEL_INITIALIZING 08_chunk_gated_delta_rule_fwd_kernel_h_blockdim64_pmc_read 330 seconds
R08_MODEL_INITIALIZING 08_chunk_gated_delta_rule_fwd_kernel_h_blockdim64_pmc_read 360 seconds
R08_MODEL_INITIALIZING 08_chunk_gated_delta_rule_fwd_kernel_h_blockdim64_pmc_read 390 seconds
R08_MODEL_READY 08_chunk_gated_delta_rule_fwd_kernel_h_blockdim64_pmc_read 416.48
HIP_PROF:on Tue Sep  8 22:37:01 2026
HIP_PROF:process id '747917'
HIP_PROF:db file '/public/home/accl15ptg7/auto_trace/perf_trace_batch8/runtime/workflow01-10-fresh-e2e/batch8-dp2-fresh-003/artifacts/R08/continuation_001/raw/captures/08_chunk_gated_delta_rule_fwd_kernel_h_blockdim64_pmc_read/attempt_002/capture.db'
HIP_PROF:out put file '/public/home/accl15ptg7/auto_trace/perf_trace_batch8/runtime/workflow01-10-fresh-e2e/batch8-dp2-fresh-003/artifacts/R08/continuation_001/raw/captures/08_chunk_gated_delta_rule_fwd_kernel_h_blockdim64_pmc_read/attempt_002/capture'
HIP_PROF:profiling ' /usr/bin/python3 -B /public/home/accl15ptg7/auto_trace/perf_trace_batch8/runtime/workflow01-10-fresh-e2e/batch8-dp2-fresh-003/artifacts/R08/continuation_001/raw/runtime_tools/revision_018/run_capture.py tracee --pass-root /public/home/accl15ptg7/auto_trace/perf_trace_batch8/runtime/workflow01-10-fresh-e2e/batch8-dp2-fresh-003/artifacts/R08/continuation_001/raw/captures/08_chunk_gated_delta_rule_fwd_kernel_h_blockdim64_pmc_read/attempt_002 --segment 08_chunk_gated_delta_rule_fwd_kernel_h_blockdim64_pmc_read'
HIP_PROF:process begin
HIP_PROF:process end run total cost:1541(s)
HIP_PROF:finish
