ALL_CAPTURE_INDEX_OBSERVED_STARTING_OUTER_RESTORATION_THEN_CPU
OUTER_CPU_SUFFIX_START ['/usr/bin/python3', '-B', '/public/home/accl15ptg7/run_R08_R10/restore_all_R08_release_artifacts_002.py']
WEIGHT_REMOVED_AFTER_ALL_GPU_CAPTURES model.safetensors-00001-of-00011.safetensors 5263851872
WEIGHT_REMOVED_AFTER_ALL_GPU_CAPTURES model.safetensors-00002-of-00011.safetensors 5347741440
WEIGHT_REMOVED_AFTER_ALL_GPU_CAPTURES model.safetensors-00003-of-00011.safetensors 5347741504
WEIGHT_REMOVED_AFTER_ALL_GPU_CAPTURES model.safetensors-00004-of-00011.safetensors 5347741504
WEIGHT_REMOVED_AFTER_ALL_GPU_CAPTURES model.safetensors-00005-of-00011.safetensors 5347741504
WEIGHT_REMOVED_AFTER_ALL_GPU_CAPTURES model.safetensors-00006-of-00011.safetensors 5347741504
WEIGHT_REMOVED_AFTER_ALL_GPU_CAPTURES model.safetensors-00007-of-00011.safetensors 5347741496
WEIGHT_REMOVED_AFTER_ALL_GPU_CAPTURES model.safetensors-00008-of-00011.safetensors 5368714128
WEIGHT_REMOVED_AFTER_ALL_GPU_CAPTURES model.safetensors-00009-of-00011.safetensors 5347745520
WEIGHT_REMOVED_AFTER_ALL_GPU_CAPTURES model.safetensors-00010-of-00011.safetensors 5347749200
WEIGHT_REMOVED_AFTER_ALL_GPU_CAPTURES model.safetensors-00011-of-00011.safetensors 2148512760
RESTORE_ASSET_SHA256_VERIFIED r07-cpu-r08-first-accepted-20260908.tar.zst 874112320
R08_RAW_SOURCE_RESTORED 01__gqa6_pmc capture.db 3494068224
R08_RAW_SOURCE_RESTORED 01__gqa6_pmc events.173996.jsonl 461932493
R08_RAW_SOURCE_RESTORED 01__gqa6_pmc events.174038.jsonl 461428672
RESTORE_ASSET_SHA256_VERIFIED capture.tar.zst.part001 858816177
R08_RAW_SOURCE_RESTORED 02__gqa6_pmc_read capture.db 3492327424
R08_RAW_SOURCE_RESTORED 02__gqa6_pmc_read events.206038.jsonl 461933396
R08_RAW_SOURCE_RESTORED 02__gqa6_pmc_read events.205996.jsonl 461430360
RESTORE_ASSET_SHA256_VERIFIED capture.tar.zst.part001 855840073
R08_RAW_SOURCE_RESTORED 03__gqa6_pmc_write capture.db 3494690816
R08_RAW_SOURCE_RESTORED 03__gqa6_pmc_write events.319441.jsonl 461932965
R08_RAW_SOURCE_RESTORED 03__gqa6_pmc_write events.319440.jsonl 461429507
RESTORE_ASSET_SHA256_VERIFIED capture.tar.zst.part001 950000000
RESTORE_ASSET_SHA256_VERIFIED capture.tar.zst.part002 95078336
R08_RAW_SOURCE_RESTORED 04_triton_red_fused__to_copy_add_mean_mul_pow_rsqrt_0_pmc capture.csv 388622850
R08_RAW_SOURCE_RESTORED 04_triton_red_fused__to_copy_add_mean_mul_pow_rsqrt_0_pmc capture.db 3495989248
R08_RAW_SOURCE_RESTORED 04_triton_red_fused__to_copy_add_mean_mul_pow_rsqrt_0_pmc pmc_results_471801.txt 1517673745
R08_RAW_SOURCE_RESTORED 04_triton_red_fused__to_copy_add_mean_mul_pow_rsqrt_0_pmc pmc_results_471808.txt 1515969503
R08_RAW_SOURCE_RESTORED 04_triton_red_fused__to_copy_add_mean_mul_pow_rsqrt_0_pmc events.471808.jsonl 461999999
R08_RAW_SOURCE_RESTORED 04_triton_red_fused__to_copy_add_mean_mul_pow_rsqrt_0_pmc events.471801.jsonl 461496261
RESTORE_ASSET_SHA256_VERIFIED capture.tar.zst.part001 950000000
RESTORE_ASSET_SHA256_VERIFIED capture.tar.zst.part002 63887771
R08_RAW_SOURCE_RESTORED 05_triton_red_fused__to_copy_add_mean_mul_pow_rsqrt_0_pmc_read capture.csv 373571303
R08_RAW_SOURCE_RESTORED 05_triton_red_fused__to_copy_add_mean_mul_pow_rsqrt_0_pmc_read capture.db 3487952896
R08_RAW_SOURCE_RESTORED 05_triton_red_fused__to_copy_add_mean_mul_pow_rsqrt_0_pmc_read pmc_results_553051.txt 1566236500
R08_RAW_SOURCE_RESTORED 05_triton_red_fused__to_copy_add_mean_mul_pow_rsqrt_0_pmc_read pmc_results_553054.txt 1564696609
R08_RAW_SOURCE_RESTORED 05_triton_red_fused__to_copy_add_mean_mul_pow_rsqrt_0_pmc_read events.553054.jsonl 461999830
R08_RAW_SOURCE_RESTORED 05_triton_red_fused__to_copy_add_mean_mul_pow_rsqrt_0_pmc_read events.553051.jsonl 461495924
RESTORE_ASSET_SHA256_VERIFIED capture.tar.zst.part001 950000000
RESTORE_ASSET_SHA256_VERIFIED capture.tar.zst.part002 42805545
R08_RAW_SOURCE_RESTORED 06_triton_red_fused__to_copy_add_mean_mul_pow_rsqrt_0_pmc_write capture.csv 386871460
R08_RAW_SOURCE_RESTORED 06_triton_red_fused__to_copy_add_mean_mul_pow_rsqrt_0_pmc_write capture.db 3497369600
R08_RAW_SOURCE_RESTORED 06_triton_red_fused__to_copy_add_mean_mul_pow_rsqrt_0_pmc_write pmc_results_620496.txt 1576954157
R08_RAW_SOURCE_RESTORED 06_triton_red_fused__to_copy_add_mean_mul_pow_rsqrt_0_pmc_write pmc_results_620502.txt 1576083045
R08_RAW_SOURCE_RESTORED 06_triton_red_fused__to_copy_add_mean_mul_pow_rsqrt_0_pmc_write events.620502.jsonl 461999506
R08_RAW_SOURCE_RESTORED 06_triton_red_fused__to_copy_add_mean_mul_pow_rsqrt_0_pmc_write events.620496.jsonl 461495513
RESTORE_ASSET_SHA256_VERIFIED capture.tar.zst.part001 881558091
R08_RAW_SOURCE_RESTORED 07_chunk_gated_delta_rule_fwd_kernel_h_blockdim64_pmc capture.db 3489898496
R08_RAW_SOURCE_RESTORED 07_chunk_gated_delta_rule_fwd_kernel_h_blockdim64_pmc events.687557.jsonl 461936005
R08_RAW_SOURCE_RESTORED 07_chunk_gated_delta_rule_fwd_kernel_h_blockdim64_pmc events.687560.jsonl 461431263
