NATIVE_PROCESS_ROWS 04_triton_red_fused__to_copy_add_mean_mul_pow_rsqrt_0_pmc 0 6272
NATIVE_PROCESS_ROWS 04_triton_red_fused__to_copy_add_mean_mul_pow_rsqrt_0_pmc 1 12544
{"status": "diagnostic_complete_not_accepted", "error": "exact R07/replay literal subsequence multiplicity r06-target-01f7e32209fdf1307f653e3c", "expected_literal": "triton_red_fused__to_copy_add_mean_mul_pow_rsqrt_0", "current_process_count": 12544, "current_owned_kernel_count": 23660, "matching_owner_count": 1280, "mismatching_owner_count": 128, "native_counter_records_not_reassigned": true, "original_source_unmodified": true, "diagnostic_normalization_output": "/public/home/accl15ptg7/auto_trace/perf_trace_batch8/runtime/workflow01-10-fresh-e2e/batch8-dp2-fresh-003/artifacts/R08/continuation_001/normalized/captures/04_triton_red_fused__to_copy_add_mean_mul_pow_rsqrt_0_pmc/attempt_002/diagnostic_001"}
[
  {
    "source_r06_target_id": "r06-target-01f7e32209fdf1307f653e3c",
    "request_id": "batch8-dual-dcu-dp2-req-008-d1b15af09df90d04",
    "phase": "decode",
    "layer_idx": 60,
    "process_id": "input_rmsnorm",
    "rank": 1,
    "R07_q_len": 1,
    "R08_q_len": 1,
    "R07_kv_len": 20575,
    "R08_kv_len": 20575,
    "expected_count": 1,
    "actual_exact_literal_count": 0,
    "all_owned_current_kernel_literals": []
  },
  {
    "source_r06_target_id": "r06-target-0221db363acf7bc06561de88",
    "request_id": "batch8-dual-dcu-dp2-req-004-71f4a612b67ff786",
    "phase": "decode",
    "layer_idx": 16,
    "process_id": "input_rmsnorm",
    "rank": 0,
    "R07_q_len": 1,
    "R08_q_len": 1,
    "R07_kv_len": 22387,
    "R08_kv_len": 22387,
    "expected_count": 1,
    "actual_exact_literal_count": 0,
    "all_owned_current_kernel_literals": []
  },
  {
    "source_r06_target_id": "r06-target-023cfe489dcad1cc10993af2",
    "request_id": "batch8-dual-dcu-dp2-req-008-d1b15af09df90d04",
    "phase": "decode",
    "layer_idx": 32,
    "process_id": "input_rmsnorm",
    "rank": 1,
    "R07_q_len": 1,
    "R08_q_len": 1,
    "R07_kv_len": 20575,
    "R08_kv_len": 20575,
    "expected_count": 1,
    "actual_exact_literal_count": 0,
    "all_owned_current_kernel_literals": []
  },
  {
    "source_r06_target_id": "r06-target-024cbf2cd5cd3b0190ce54fe",
    "request_id": "batch8-dual-dcu-dp2-req-008-d1b15af09df90d04",
    "phase": "decode",
    "layer_idx": 61,
    "process_id": "input_rmsnorm",
    "rank": 1,
    "R07_q_len": 1,
    "R08_q_len": 1,
    "R07_kv_len": 20575,
    "R08_kv_len": 20575,
    "expected_count": 1,
    "actual_exact_literal_count": 0,
    "all_owned_current_kernel_literals": []
  },
  {
    "source_r06_target_id": "r06-target-05943678dd79c411f5fc3ea9",
    "request_id": "batch8-dual-dcu-dp2-req-008-d1b15af09df90d04",
    "phase": "decode",
    "layer_idx": 37,
    "process_id": "input_rmsnorm",
    "rank": 1,
    "R07_q_len": 1,
    "R08_q_len": 1,
    "R07_kv_len": 20575,
    "R08_kv_len": 20575,
    "expected_count": 1,
    "actual_exact_literal_count": 0,
    "all_owned_current_kernel_literals": []
  },
  {
    "source_r06_target_id": "r06-target-06771ce985008ba18cdfd063",
    "request_id": "batch8-dual-dcu-dp2-req-004-71f4a612b67ff786",
    "phase": "decode",
    "layer_idx": 50,
    "process_id": "input_rmsnorm",
    "rank": 0,
    "R07_q_len": 1,
    "R08_q_len": 1,
    "R07_kv_len": 22387,
    "R08_kv_len": 22387,
    "expected_count": 1,
    "actual_exact_literal_count": 0,
    "all_owned_current_kernel_literals": []
  },
  {
    "source_r06_target_id": "r06-target-0718bb138d6cb01611b6df83",
    "request_id": "batch8-dual-dcu-dp2-req-004-71f4a612b67ff786",
    "phase": "decode",
    "layer_idx": 46,
    "process_id": "input_rmsnorm",
    "rank": 0,
    "R07_q_len": 1,
    "R08_q_len": 1,
    "R07_kv_len": 22387,
    "R08_kv_len": 22387,
    "expected_count": 1,
    "actual_exact_literal_count": 0,
    "all_owned_current_kernel_literals": []
  },
  {
    "source_r06_target_id": "r06-target-0805291ac934b501268006fe",
    "request_id": "batch8-dual-dcu-dp2-req-004-71f4a612b67ff786",
    "phase": "decode",
    "layer_idx": 32,
    "process_id": "input_rmsnorm",
    "rank": 0,
    "R07_q_len": 1,
    "R08_q_len": 1,
    "R07_kv_len": 22387,
    "R08_kv_len": 22387,
    "expected_count": 1,
    "actual_exact_literal_count": 0,
    "all_owned_current_kernel_literals": []
  },
  {
    "source_r06_target_id": "r06-target-097117d09d690c2626a83920",
    "request_id": "batch8-dual-dcu-dp2-req-004-71f4a612b67ff786",
    "phase": "decode",
    "layer_idx": 57,
    "process_id": "input_rmsnorm",
    "rank": 0,
    "R07_q_len": 1,
    "R08_q_len": 1,
    "R07_kv_len": 22387,
    "R08_kv_len": 22387,
    "expected_count": 1,
    "actual_exact_literal_count": 0,
    "all_owned_current_kernel_literals": []
  },
  {
    "source_r06_target_id": "r06-target-0d21422382e9f3e7c08a3121",
    "request_id": "batch8-dual-dcu-dp2-req-004-71f4a612b67ff786",
    "phase": "decode",
    "layer_idx": 17,
    "process_id": "input_rmsnorm",
    "rank": 0,
    "R07_q_len": 1,
    "R08_q_len": 1,
    "R07_kv_len": 22387,
    "R08_kv_len": 22387,
    "expected_count": 1,
    "actual_exact_literal_count": 0,
    "all_owned_current_kernel_literals": []
  }
]
