NATIVE_PROCESS_ROWS 04_triton_red_fused__to_copy_add_mean_mul_pow_rsqrt_0_pmc 0 6272
NATIVE_PROCESS_ROWS 04_triton_red_fused__to_copy_add_mean_mul_pow_rsqrt_0_pmc 1 12544
Traceback (most recent call last):
  File "/public/home/accl15ptg7/run_R08_R10/diagnose_capture04_native_launch_001.py", line 5, in <module>
    try:runpy.run_path(str(R/'tools/analysis_006/normalize_capture.py'),run_name='__main__')
  File "/usr/lib/python3.10/runpy.py", line 289, in run_path
    return _run_module_code(code, init_globals, run_name,
  File "/usr/lib/python3.10/runpy.py", line 96, in _run_module_code
    _run_code(code, mod_globals, init_globals,
  File "/usr/lib/python3.10/runpy.py", line 86, in _run_code
    exec(code, run_globals)
  File "/public/home/accl15ptg7/auto_trace/perf_trace_batch8/runtime/workflow01-10-fresh-e2e/batch8-dp2-fresh-003/artifacts/R08/continuation_001/tools/analysis_006/normalize_capture.py", line 195, in <module>
    if __name__=='__main__':main()
  File "/public/home/accl15ptg7/auto_trace/perf_trace_batch8/runtime/workflow01-10-fresh-e2e/batch8-dp2-fresh-003/artifacts/R08/continuation_001/tools/analysis_006/normalize_capture.py", line 145, in main
    h=dict(hs[0]);require(str(h['args']).split('(',1)[0] in LAUNCH_APIS,'native direct launch API')
  File "/public/home/accl15ptg7/auto_trace/perf_trace_batch8/runtime/workflow01-10-fresh-e2e/batch8-dp2-fresh-003/artifacts/R08/continuation_001/raw/runtime_tools/revision_016/r08_native.py", line 23, in require
    if not condition:raise ValueError(message)
ValueError: native direct launch API

During handling of the above exception, another exception occurred:

Traceback (most recent call last):
  File "/public/home/accl15ptg7/run_R08_R10/diagnose_capture04_native_launch_001.py", line 15, in <module>
    for op in conn.execute('SELECT rowid AS native_rowid,* FROM '+s['q']('HIPOPS_'+ck)+' WHERE Name IN ('+','.join('?' for _ in ids)+')',ids):
KeyError: 'q'
