VERIFIED downloaded r07-attempt043-recovery-consumer-bundle.tar.gz.sha256 162
RETRY README.md 0 HTTPSConnectionPool(host='github.com', port=443): Max retries exceeded with url: /cspool/auto_trace/releases/download/perf-trace-batch8-r07-attempt043-offline-recovery-20260907/README.md (Caused by SSLError(SSLEOFError(8, '[SSL: UNEXPECTED_EOF_WHILE_READING] EOF occurred in violation of protocol (_s
VERIFIED downloaded README.md 2818
VERIFIED downloaded SHA256SUMS 1259
VERIFIED downloaded ARCHIVE_STREAM_SHA256 86
VERIFIED downloaded PARTS.tsv 9512
VERIFIED downloaded r04-r06-full-32m.tar.gz.part-000 33554432
RETRY r04-r06-full-32m.tar.gz.part-001 0 HTTPSConnectionPool(host='github.com', port=443): Max retries exceeded with url: /cspool/auto_trace/releases/download/perf-trace-batch8-r04-r06-batch8-dp2-fresh-003-20260829/r04-r06-full-32m.tar.gz.part-001 (Caused by SSLError(SSLEOFError(8, '[SSL: UNEXPECTED_EOF_WHILE_READING] EOF occurred in viola
VERIFIED downloaded r04-r06-full-32m.tar.gz.part-001 33554432
VERIFIED downloaded r04-r06-full-32m.tar.gz.part-002 33554432
VERIFIED downloaded r07-attempt043-recovery-consumer-bundle.tar.gz 153968943
RETRY r04-r06-full-32m.tar.gz.part-003 0 HTTPSConnectionPool(host='github.com', port=443): Max retries exceeded with url: /cspool/auto_trace/releases/download/perf-trace-batch8-r04-r06-batch8-dp2-fresh-003-20260829/r04-r06-full-32m.tar.gz.part-003 (Caused by SSLError(SSLEOFError(8, '[SSL: UNEXPECTED_EOF_WHILE_READING] EOF occurred in viola
VERIFIED downloaded r04-r06-full-32m.tar.gz.part-004 33554432
VERIFIED downloaded r04-r06-full-32m.tar.gz.part-003 33554432
VERIFIED downloaded r04-r06-full-32m.tar.gz.part-005 33554432
VERIFIED downloaded r04-r06-full-32m.tar.gz.part-006 33554432
VERIFIED downloaded r04-r06-full-32m.tar.gz.part-007 33554432
VERIFIED downloaded r04-r06-full-32m.tar.gz.part-008 33554432
VERIFIED downloaded r04-r06-full-32m.tar.gz.part-009 33554432
VERIFIED downloaded r04-r06-full-32m.tar.gz.part-010 33554432
VERIFIED downloaded r04-r06-full-32m.tar.gz.part-011 33554432
VERIFIED downloaded r04-r06-full-32m.tar.gz.part-012 33554432
RETRY r04-r06-full-32m.tar.gz.part-013 0 HTTPSConnectionPool(host='github.com', port=443): Max retries exceeded with url: /cspool/auto_trace/releases/download/perf-trace-batch8-r04-r06-batch8-dp2-fresh-003-20260829/r04-r06-full-32m.tar.gz.part-013 (Caused by SSLError(SSLEOFError(8, '[SSL: UNEXPECTED_EOF_WHILE_READING] EOF occurred in viola
VERIFIED downloaded r04-r06-full-32m.tar.gz.part-014 33554432
VERIFIED downloaded r04-r06-full-32m.tar.gz.part-013 33554432
VERIFIED downloaded r04-r06-full-32m.tar.gz.part-015 33554432
VERIFIED downloaded r04-r06-full-32m.tar.gz.part-016 33554432
VERIFIED downloaded r04-r06-full-32m.tar.gz.part-017 33554432
VERIFIED downloaded r04-r06-full-32m.tar.gz.part-018 33554432
VERIFIED downloaded r04-r06-full-32m.tar.gz.part-019 33554432
VERIFIED downloaded r04-r06-full-32m.tar.gz.part-020 33554432
VERIFIED downloaded r04-r06-full-32m.tar.gz.part-021 33554432
RETRY r04-r06-full-32m.tar.gz.part-022 0 HTTPSConnectionPool(host='github.com', port=443): Max retries exceeded with url: /cspool/auto_trace/releases/download/perf-trace-batch8-r04-r06-batch8-dp2-fresh-003-20260829/r04-r06-full-32m.tar.gz.part-022 (Caused by SSLError(SSLEOFError(8, '[SSL: UNEXPECTED_EOF_WHILE_READING] EOF occurred in viola
VERIFIED downloaded r04-r06-full-32m.tar.gz.part-023 33554432
VERIFIED downloaded r04-r06-full-32m.tar.gz.part-022 33554432
VERIFIED downloaded r04-r06-full-32m.tar.gz.part-024 33554432
VERIFIED downloaded r04-r06-full-32m.tar.gz.part-025 33554432
VERIFIED downloaded r04-r06-full-32m.tar.gz.part-026 33554432
VERIFIED downloaded r04-r06-full-32m.tar.gz.part-027 33554432
VERIFIED downloaded r04-r06-full-32m.tar.gz.part-028 33554432
