VERIFIED existing r07-attempt043-recovery-consumer-bundle.tar.gz.sha256
VERIFIED existing SHA256SUMS
VERIFIED existing README.md
VERIFIED existing PARTS.tsv
VERIFIED existing ARCHIVE_STREAM_SHA256
VERIFIED existing r04-r06-full-32m.tar.gz.part-000
VERIFIED existing r04-r06-full-32m.tar.gz.part-001
VERIFIED existing r04-r06-full-32m.tar.gz.part-002
VERIFIED existing r04-r06-full-32m.tar.gz.part-003
VERIFIED existing r04-r06-full-32m.tar.gz.part-004
VERIFIED existing r04-r06-full-32m.tar.gz.part-005
VERIFIED existing r04-r06-full-32m.tar.gz.part-006
VERIFIED existing r04-r06-full-32m.tar.gz.part-007
VERIFIED existing r04-r06-full-32m.tar.gz.part-008
VERIFIED existing r04-r06-full-32m.tar.gz.part-009
VERIFIED existing r04-r06-full-32m.tar.gz.part-010
VERIFIED existing r04-r06-full-32m.tar.gz.part-011
VERIFIED existing r04-r06-full-32m.tar.gz.part-012
VERIFIED existing r04-r06-full-32m.tar.gz.part-013
VERIFIED existing r04-r06-full-32m.tar.gz.part-014
VERIFIED existing r04-r06-full-32m.tar.gz.part-015
VERIFIED existing r04-r06-full-32m.tar.gz.part-016
VERIFIED existing r04-r06-full-32m.tar.gz.part-017
VERIFIED existing r04-r06-full-32m.tar.gz.part-018
VERIFIED existing r04-r06-full-32m.tar.gz.part-019
VERIFIED existing r07-attempt043-recovery-consumer-bundle.tar.gz
VERIFIED existing r04-r06-full-32m.tar.gz.part-020
VERIFIED existing r04-r06-full-32m.tar.gz.part-021
VERIFIED existing r04-r06-full-32m.tar.gz.part-022
VERIFIED existing r04-r06-full-32m.tar.gz.part-023
VERIFIED existing r04-r06-full-32m.tar.gz.part-024
VERIFIED existing r04-r06-full-32m.tar.gz.part-025
VERIFIED existing r04-r06-full-32m.tar.gz.part-026
VERIFIED existing r04-r06-full-32m.tar.gz.part-027
VERIFIED existing r04-r06-full-32m.tar.gz.part-028
VERIFIED existing r04-r06-full-32m.tar.gz.part-029
VERIFIED existing r04-r06-full-32m.tar.gz.part-030
VERIFIED existing r04-r06-full-32m.tar.gz.part-031
VERIFIED existing r04-r06-full-32m.tar.gz.part-032
VERIFIED existing r04-r06-full-32m.tar.gz.part-033
VERIFIED existing r04-r06-full-32m.tar.gz.part-034
VERIFIED existing r04-r06-full-32m.tar.gz.part-035
VERIFIED existing r04-r06-full-32m.tar.gz.part-036
VERIFIED existing r04-r06-full-32m.tar.gz.part-037
VERIFIED existing r04-r06-full-32m.tar.gz.part-038
VERIFIED existing r04-r06-full-32m.tar.gz.part-039
VERIFIED existing r04-r06-full-32m.tar.gz.part-040
VERIFIED existing r04-r06-full-32m.tar.gz.part-041
VERIFIED existing r04-r06-full-32m.tar.gz.part-042
VERIFIED existing r04-r06-full-32m.tar.gz.part-043
VERIFIED existing r04-r06-full-32m.tar.gz.part-044
VERIFIED existing r04-r06-full-32m.tar.gz.part-045
VERIFIED existing r04-r06-full-32m.tar.gz.part-046
VERIFIED existing r04-r06-full-32m.tar.gz.part-047
VERIFIED existing r04-r06-full-32m.tar.gz.part-048
VERIFIED existing r04-r06-full-32m.tar.gz.part-049
VERIFIED existing r04-r06-full-32m.tar.gz.part-051
VERIFIED existing r04-r06-full-32m.tar.gz.part-050
VERIFIED existing r04-r06-full-32m.tar.gz.part-052
VERIFIED existing r04-r06-full-32m.tar.gz.part-053
VERIFIED existing r04-r06-full-32m.tar.gz.part-054
VERIFIED existing r04-r06-full-32m.tar.gz.part-055
VERIFIED existing r04-r06-full-32m.tar.gz.part-056
VERIFIED existing r04-r06-full-32m.tar.gz.part-058
VERIFIED existing r04-r06-full-32m.tar.gz.part-059
VERIFIED existing r04-r06-full-32m.tar.gz.part-060
VERIFIED existing r04-r06-full-32m.tar.gz.part-057
VERIFIED existing r04-r06-full-32m.tar.gz.part-061
VERIFIED existing r04-r06-full-32m.tar.gz.part-062
VERIFIED existing r04-r06-full-32m.tar.gz.part-063
VERIFIED existing r04-r06-full-32m.tar.gz.part-064
VERIFIED existing r04-r06-full-32m.tar.gz.part-065
VERIFIED existing r04-r06-full-32m.tar.gz.part-067
VERIFIED existing r04-r06-full-32m.tar.gz.part-066
VERIFIED existing r04-r06-full-32m.tar.gz.part-073
VERIFIED existing README.md
VERIFIED existing runtime_handoff_ledger.R06.snapshot.json
VERIFIED existing r04-r06-full-32m.tar.gz.part-068
VERIFIED existing SHA256SUMS
VERIFIED existing r04-r06-full-32m.tar.gz.part-069
VERIFIED existing PARTS.tsv
VERIFIED existing r04-r06-full-32m.tar.gz.part-070
VERIFIED existing perf_trace_batch8-r01-r03-code-workflow-snapshot.tar.gz
VERIFIED existing r04-r06-full-32m.tar.gz.part-071
VERIFIED existing r04-r06-full-32m.tar.gz.part-072
