ACCEPTED_CAPTURE_PACKAGE_VERIFIED 08_chunk_gated_delta_rule_fwd_kernel_h_blockdim64_pmc_read 61 871599908
ACCEPTED_CAPTURE_UPLOAD_START 08_chunk_gated_delta_rule_fwd_kernel_h_blockdim64_pmc_read capture.tar.zst.part001 871576123
ACCEPTED_CAPTURE_UPLOAD_VERIFIED capture.tar.zst.part001 sha256:07b7f9695366d6971315ff11b26bd0ea146fd8faacf6821d9d24b23d39a4f3da
ACCEPTED_CAPTURE_UPLOAD_START 08_chunk_gated_delta_rule_fwd_kernel_h_blockdim64_pmc_read FILE_MANIFEST.json 23785
ACCEPTED_CAPTURE_UPLOAD_VERIFIED FILE_MANIFEST.json sha256:00fd57aa4b0f714f6fedf68ef1d726c96a51b07933a2ddb580ca907b40e24fad
ACCEPTED_CAPTURE_UPLOAD_START 08_chunk_gated_delta_rule_fwd_kernel_h_blockdim64_pmc_read ASSET_MANIFEST.json 536
ACCEPTED_CAPTURE_UPLOAD_VERIFIED ASSET_MANIFEST.json sha256:5a0fd893fcd184f6099d45ca52aa76e94a4d8efb427510301c5088a328e45051
ACCEPTED_CAPTURE_UPLOAD_START 08_chunk_gated_delta_rule_fwd_kernel_h_blockdim64_pmc_read SHA256SUMS 175
ACCEPTED_CAPTURE_UPLOAD_VERIFIED SHA256SUMS sha256:9ef182ac1cd648b4b33e0d430feefe8bb455ab5746951d1f500c49a7313fe513
ACCEPTED_CAPTURE_RELEASE_PUBLISHED https://github.com/cspool/auto_trace/releases/tag/perf-trace-batch8-r08-08-chunk-gated-delta-rule-fwd-kernel-h-blockdim64-pmc-read-20260908
ACCEPTED_CAPTURE_PACKAGE_VERIFIED 09_chunk_gated_delta_rule_fwd_kernel_h_blockdim64_pmc_write 76 1706050955
ACCEPTED_CAPTURE_UPLOAD_START 09_chunk_gated_delta_rule_fwd_kernel_h_blockdim64_pmc_write capture.tar.zst.part001 950000000
ACCEPTED_CAPTURE_UPLOAD_VERIFIED capture.tar.zst.part001 sha256:ca4e1b0cb5bf1e264919934b3662287ede495065b866dadfef0445fab5e849ad
ACCEPTED_CAPTURE_UPLOAD_START 09_chunk_gated_delta_rule_fwd_kernel_h_blockdim64_pmc_write capture.tar.zst.part002 756021737
ACCEPTED_CAPTURE_UPLOAD_VERIFIED capture.tar.zst.part002 sha256:3656b872b312c79ee2d89f99815eb04d088a0017636b937f139afccf3858df47
ACCEPTED_CAPTURE_UPLOAD_START 09_chunk_gated_delta_rule_fwd_kernel_h_blockdim64_pmc_write FILE_MANIFEST.json 29218
ACCEPTED_CAPTURE_UPLOAD_VERIFIED FILE_MANIFEST.json sha256:e84ace9b8fd5849c7a83a9d4aaf2a21f46246654f63c658fdabd81937ba31568
ACCEPTED_CAPTURE_UPLOAD_START 09_chunk_gated_delta_rule_fwd_kernel_h_blockdim64_pmc_write ASSET_MANIFEST.json 698
ACCEPTED_CAPTURE_UPLOAD_VERIFIED ASSET_MANIFEST.json sha256:8c5976ef21b711895c079497ba6d4954acb9382394505bf8cdc0f601780293bc
ACCEPTED_CAPTURE_UPLOAD_START 09_chunk_gated_delta_rule_fwd_kernel_h_blockdim64_pmc_write SHA256SUMS 265
ACCEPTED_CAPTURE_UPLOAD_VERIFIED SHA256SUMS sha256:f262ebab35fe7dc67ba26241b5a2b5e0be227eccb7ab54161a1c028c56f93a37
ACCEPTED_CAPTURE_RELEASE_PUBLISHED https://github.com/cspool/auto_trace/releases/tag/perf-trace-batch8-r08-09-chunk-gated-delta-rule-fwd-kernel-h-blockdim64-pmc-write-20260908
ACCEPTED_CAPTURE_PACKAGE_VERIFIED 10_chunk_fwd_kernel_o_pmc 76 1651570156
ACCEPTED_CAPTURE_UPLOAD_START 10_chunk_fwd_kernel_o_pmc capture.tar.zst.part001 950000000
ACCEPTED_CAPTURE_UPLOAD_VERIFIED capture.tar.zst.part001 sha256:87a72cd0e8101489581f749be96480c7010c0c8139b3a2455294ef30d805e8ee
ACCEPTED_CAPTURE_UPLOAD_START 10_chunk_fwd_kernel_o_pmc capture.tar.zst.part002 701543692
ACCEPTED_CAPTURE_UPLOAD_VERIFIED capture.tar.zst.part002 sha256:ffe87b18388c76b6b9115bb9450282e73778a65398486ef10ec587608550b36d
ACCEPTED_CAPTURE_UPLOAD_START 10_chunk_fwd_kernel_o_pmc FILE_MANIFEST.json 26464
ACCEPTED_CAPTURE_UPLOAD_VERIFIED FILE_MANIFEST.json sha256:941ea2edd19e678534da6404e4c2b6e8fcf4fe87a14157d05840a642ecd1c3e3
ACCEPTED_CAPTURE_UPLOAD_START 10_chunk_fwd_kernel_o_pmc ASSET_MANIFEST.json 698
ACCEPTED_CAPTURE_UPLOAD_VERIFIED ASSET_MANIFEST.json sha256:b6a3a25353e67f01fc242c3f63b4431a2584eb176c64e2eff2be8d680fbe196f
ACCEPTED_CAPTURE_UPLOAD_START 10_chunk_fwd_kernel_o_pmc SHA256SUMS 265
ACCEPTED_CAPTURE_UPLOAD_VERIFIED SHA256SUMS sha256:81bf11b706485ac667cb96bdd3789219bff775a86b89f7978a23ef5a45a1d26c
ACCEPTED_CAPTURE_RELEASE_PUBLISHED https://github.com/cspool/auto_trace/releases/tag/perf-trace-batch8-r08-10-chunk-fwd-kernel-o-pmc-20260908
ACCEPTED_CAPTURE_PACKAGE_VERIFIED 11_chunk_fwd_kernel_o_pmc_read 76 1647582120
ACCEPTED_CAPTURE_UPLOAD_START 11_chunk_fwd_kernel_o_pmc_read capture.tar.zst.part001 950000000
ACCEPTED_CAPTURE_UPLOAD_VERIFIED capture.tar.zst.part001 sha256:21b7807bc020a21e8d61037cb6475ecf84eb997b928a4b58170939dbf01f0851
ACCEPTED_CAPTURE_UPLOAD_START 11_chunk_fwd_kernel_o_pmc_read capture.tar.zst.part002 697555227
ACCEPTED_CAPTURE_UPLOAD_VERIFIED capture.tar.zst.part002 sha256:9a3a1f988bc72a37c07432591acaeaefb11a759361d4b97eeb2f1b4b9fc32fa6
ACCEPTED_CAPTURE_UPLOAD_START 11_chunk_fwd_kernel_o_pmc_read FILE_MANIFEST.json 26893
ACCEPTED_CAPTURE_UPLOAD_VERIFIED FILE_MANIFEST.json sha256:f89c5a18b91193197280631b56297e5c31a3e7fef18fb54c9b272b131675d1c7
ACCEPTED_CAPTURE_UPLOAD_START 11_chunk_fwd_kernel_o_pmc_read ASSET_MANIFEST.json 698
ACCEPTED_CAPTURE_UPLOAD_VERIFIED ASSET_MANIFEST.json sha256:52adb39029ff4cabe86fbce42867a08835f0bffd7da686fb331d2e5d2121795d
ACCEPTED_CAPTURE_UPLOAD_START 11_chunk_fwd_kernel_o_pmc_read SHA256SUMS 265
ACCEPTED_CAPTURE_UPLOAD_VERIFIED SHA256SUMS sha256:128cfdead60c32d787dcb861b91de90e7398590cbf22f9de25b83d71272b2464
ACCEPTED_CAPTURE_RELEASE_PUBLISHED https://github.com/cspool/auto_trace/releases/tag/perf-trace-batch8-r08-11-chunk-fwd-kernel-o-pmc-read-20260908
ACCEPTED_CAPTURE_PACKAGE_VERIFIED 12_chunk_fwd_kernel_o_pmc_write 76 1645970930
ACCEPTED_CAPTURE_UPLOAD_START 12_chunk_fwd_kernel_o_pmc_write capture.tar.zst.part001 950000000
ACCEPTED_CAPTURE_UPLOAD_VERIFIED capture.tar.zst.part001 sha256:068d5cca9b29ce2eb4a0133ea4aef16122869fc1f9aaebbb7055d067d6fa2452
ACCEPTED_CAPTURE_UPLOAD_START 12_chunk_fwd_kernel_o_pmc_write capture.tar.zst.part002 695943956
ACCEPTED_CAPTURE_UPLOAD_VERIFIED capture.tar.zst.part002 sha256:dd05ef66e85b144ee0333361b3a824513ec91c954c670880bbf3b7a30d4de977
ACCEPTED_CAPTURE_UPLOAD_START 12_chunk_fwd_kernel_o_pmc_write FILE_MANIFEST.json 26974
ACCEPTED_CAPTURE_UPLOAD_VERIFIED FILE_MANIFEST.json sha256:736ba418dc07e16d8ad7ae39bd49fbf754e6211d8dcff178c16b46297c194d2b
ACCEPTED_CAPTURE_UPLOAD_START 12_chunk_fwd_kernel_o_pmc_write ASSET_MANIFEST.json 698
ACCEPTED_CAPTURE_UPLOAD_VERIFIED ASSET_MANIFEST.json sha256:fa04eda8c266e25a0b3b60b2e92edcf04639fe1fb7f3a0414ebfa55d00950772
ACCEPTED_CAPTURE_UPLOAD_START 12_chunk_fwd_kernel_o_pmc_write SHA256SUMS 265
ACCEPTED_CAPTURE_UPLOAD_VERIFIED SHA256SUMS sha256:117682d69ccb41e00f50d59955a2caf9ff461fe986c341aadb2c94f1ede6a903
ACCEPTED_CAPTURE_RELEASE_PUBLISHED https://github.com/cspool/auto_trace/releases/tag/perf-trace-batch8-r08-12-chunk-fwd-kernel-o-pmc-write-20260908
