CLOSED_STAGE_PACKAGE_VERIFIED R08 1831
CLOSED_STAGE_UPLOAD_START R08 capture.tar.zst.part001 950000000
CLOSED_STAGE_UPLOAD_VERIFIED R08 capture.tar.zst.part001
CLOSED_STAGE_UPLOAD_START R08 capture.tar.zst.part002 950000000
CLOSED_STAGE_UPLOAD_VERIFIED R08 capture.tar.zst.part002
CLOSED_STAGE_UPLOAD_START R08 capture.tar.zst.part003 950000000
CLOSED_STAGE_UPLOAD_VERIFIED R08 capture.tar.zst.part003
CLOSED_STAGE_UPLOAD_START R08 capture.tar.zst.part004 950000000
CLOSED_STAGE_UPLOAD_VERIFIED R08 capture.tar.zst.part004
CLOSED_STAGE_UPLOAD_START R08 capture.tar.zst.part005 950000000
CLOSED_STAGE_UPLOAD_VERIFIED R08 capture.tar.zst.part005
CLOSED_STAGE_UPLOAD_START R08 capture.tar.zst.part006 950000000
CLOSED_STAGE_UPLOAD_VERIFIED R08 capture.tar.zst.part006
CLOSED_STAGE_UPLOAD_START R08 capture.tar.zst.part007 209506836
CLOSED_STAGE_UPLOAD_VERIFIED R08 capture.tar.zst.part007
CLOSED_STAGE_UPLOAD_START R08 FILE_MANIFEST.json 1329547
CLOSED_STAGE_UPLOAD_VERIFIED R08 FILE_MANIFEST.json
CLOSED_STAGE_UPLOAD_START R08 ASSET_MANIFEST.json 1595
CLOSED_STAGE_UPLOAD_VERIFIED R08 ASSET_MANIFEST.json
CLOSED_STAGE_UPLOAD_START R08 SHA256SUMS 715
CLOSED_STAGE_UPLOAD_VERIFIED R08 SHA256SUMS
CLOSED_STAGE_RELEASE_PUBLISHED R08 https://github.com/cspool/auto_trace/releases/tag/perf-trace-batch8-r08-complete-20260908
CLOSED_STAGE_PACKAGE_VERIFIED R09 37
CLOSED_STAGE_UPLOAD_START R09 capture.tar.zst.part001 234893672
CLOSED_STAGE_UPLOAD_VERIFIED R09 capture.tar.zst.part001
CLOSED_STAGE_UPLOAD_START R09 FILE_MANIFEST.json 11546
CLOSED_STAGE_UPLOAD_VERIFIED R09 FILE_MANIFEST.json
CLOSED_STAGE_UPLOAD_START R09 ASSET_MANIFEST.json 616
CLOSED_STAGE_UPLOAD_VERIFIED R09 ASSET_MANIFEST.json
CLOSED_STAGE_UPLOAD_START R09 SHA256SUMS 175
CLOSED_STAGE_UPLOAD_VERIFIED R09 SHA256SUMS
CLOSED_STAGE_RELEASE_PUBLISHED R09 https://github.com/cspool/auto_trace/releases/tag/perf-trace-batch8-r09-complete-20260908
