PHASE_START 2026-09-08T12:17:09.381533+00:00 ['/usr/bin/python3', '-B', '/public/home/accl15ptg7/auto_trace/perf_trace_batch8/runtime/workflow01-10-fresh-e2e/batch8-dp2-fresh-003/artifacts/R08/continuation_001/raw/runtime_tools/revision_018/run_capture.py', 'capture', '--segment', '05_triton_red_fused__to_copy_add_mean_mul_pow_rsqrt_0_pmc_read', '--attempt', 'attempt_001']
PHASE_EXIT /public/home/accl15ptg7/auto_trace/perf_trace_batch8/runtime/workflow01-10-fresh-e2e/batch8-dp2-fresh-003/artifacts/R08/continuation_001/raw/runtime_tools/revision_018/run_capture.py 0
PHASE_START 2026-09-08T13:04:21.453773+00:00 ['/usr/bin/python3', '-B', '/public/home/accl15ptg7/auto_trace/perf_trace_batch8/runtime/workflow01-10-fresh-e2e/batch8-dp2-fresh-003/artifacts/R08/continuation_001/tools/analysis_007/normalize_capture.py', '--segment', '05_triton_red_fused__to_copy_add_mean_mul_pow_rsqrt_0_pmc_read', '--attempt', 'attempt_001', '--revision', 'revision_002']
PHASE_EXIT /public/home/accl15ptg7/auto_trace/perf_trace_batch8/runtime/workflow01-10-fresh-e2e/batch8-dp2-fresh-003/artifacts/R08/continuation_001/tools/analysis_007/normalize_capture.py 0
PHASE_START 2026-09-08T13:05:41.489310+00:00 ['/usr/bin/python3', '-B', '/public/home/accl15ptg7/auto_trace/perf_trace_batch8/runtime/workflow01-10-fresh-e2e/batch8-dp2-fresh-003/artifacts/R08/continuation_001/tools/analysis_007/audit_capture.py', '--normalization', '/public/home/accl15ptg7/auto_trace/perf_trace_batch8/runtime/workflow01-10-fresh-e2e/batch8-dp2-fresh-003/artifacts/R08/continuation_001/normalized/captures/05_triton_red_fused__to_copy_add_mean_mul_pow_rsqrt_0_pmc_read/attempt_001/revision_002']
PHASE_EXIT /public/home/accl15ptg7/auto_trace/perf_trace_batch8/runtime/workflow01-10-fresh-e2e/batch8-dp2-fresh-003/artifacts/R08/continuation_001/tools/analysis_007/audit_capture.py 0
CAPTURE_ACCEPTED 05_triton_red_fused__to_copy_add_mean_mul_pow_rsqrt_0_pmc_read PREFIX 5
PHASE_START 2026-09-08T13:06:31.439753+00:00 ['/usr/bin/python3', '-B', '/public/home/accl15ptg7/auto_trace/perf_trace_batch8/runtime/workflow01-10-fresh-e2e/batch8-dp2-fresh-003/artifacts/R08/continuation_001/raw/runtime_tools/revision_018/run_capture.py', 'capture', '--segment', '06_triton_red_fused__to_copy_add_mean_mul_pow_rsqrt_0_pmc_write', '--attempt', 'attempt_001']
PHASE_EXIT /public/home/accl15ptg7/auto_trace/perf_trace_batch8/runtime/workflow01-10-fresh-e2e/batch8-dp2-fresh-003/artifacts/R08/continuation_001/raw/runtime_tools/revision_018/run_capture.py 0
PHASE_START 2026-09-08T13:53:18.699534+00:00 ['/usr/bin/python3', '-B', '/public/home/accl15ptg7/auto_trace/perf_trace_batch8/runtime/workflow01-10-fresh-e2e/batch8-dp2-fresh-003/artifacts/R08/continuation_001/tools/analysis_007/normalize_capture.py', '--segment', '06_triton_red_fused__to_copy_add_mean_mul_pow_rsqrt_0_pmc_write', '--attempt', 'attempt_001', '--revision', 'revision_002']
PHASE_EXIT /public/home/accl15ptg7/auto_trace/perf_trace_batch8/runtime/workflow01-10-fresh-e2e/batch8-dp2-fresh-003/artifacts/R08/continuation_001/tools/analysis_007/normalize_capture.py 0
PHASE_START 2026-09-08T13:54:40.040015+00:00 ['/usr/bin/python3', '-B', '/public/home/accl15ptg7/auto_trace/perf_trace_batch8/runtime/workflow01-10-fresh-e2e/batch8-dp2-fresh-003/artifacts/R08/continuation_001/tools/analysis_007/audit_capture.py', '--normalization', '/public/home/accl15ptg7/auto_trace/perf_trace_batch8/runtime/workflow01-10-fresh-e2e/batch8-dp2-fresh-003/artifacts/R08/continuation_001/normalized/captures/06_triton_red_fused__to_copy_add_mean_mul_pow_rsqrt_0_pmc_write/attempt_001/revision_002']
PHASE_EXIT /public/home/accl15ptg7/auto_trace/perf_trace_batch8/runtime/workflow01-10-fresh-e2e/batch8-dp2-fresh-003/artifacts/R08/continuation_001/tools/analysis_007/audit_capture.py 0
CAPTURE_ACCEPTED 06_triton_red_fused__to_copy_add_mean_mul_pow_rsqrt_0_pmc_write PREFIX 6
PHASE_START 2026-09-08T13:55:30.903639+00:00 ['/usr/bin/python3', '-B', '/public/home/accl15ptg7/auto_trace/perf_trace_batch8/runtime/workflow01-10-fresh-e2e/batch8-dp2-fresh-003/artifacts/R08/continuation_001/raw/runtime_tools/revision_018/run_capture.py', 'capture', '--segment', '07_chunk_gated_delta_rule_fwd_kernel_h_blockdim64_pmc', '--attempt', 'attempt_001']
PHASE_EXIT /public/home/accl15ptg7/auto_trace/perf_trace_batch8/runtime/workflow01-10-fresh-e2e/batch8-dp2-fresh-003/artifacts/R08/continuation_001/raw/runtime_tools/revision_018/run_capture.py 0
PHASE_START 2026-09-08T14:22:52.138102+00:00 ['/usr/bin/python3', '-B', '/public/home/accl15ptg7/auto_trace/perf_trace_batch8/runtime/workflow01-10-fresh-e2e/batch8-dp2-fresh-003/artifacts/R08/continuation_001/tools/analysis_007/normalize_capture.py', '--segment', '07_chunk_gated_delta_rule_fwd_kernel_h_blockdim64_pmc', '--attempt', 'attempt_001', '--revision', 'revision_002']
PHASE_EXIT /public/home/accl15ptg7/auto_trace/perf_trace_batch8/runtime/workflow01-10-fresh-e2e/batch8-dp2-fresh-003/artifacts/R08/continuation_001/tools/analysis_007/normalize_capture.py 0
PHASE_START 2026-09-08T14:23:14.537101+00:00 ['/usr/bin/python3', '-B', '/public/home/accl15ptg7/auto_trace/perf_trace_batch8/runtime/workflow01-10-fresh-e2e/batch8-dp2-fresh-003/artifacts/R08/continuation_001/tools/analysis_007/audit_capture.py', '--normalization', '/public/home/accl15ptg7/auto_trace/perf_trace_batch8/runtime/workflow01-10-fresh-e2e/batch8-dp2-fresh-003/artifacts/R08/continuation_001/normalized/captures/07_chunk_gated_delta_rule_fwd_kernel_h_blockdim64_pmc/attempt_001/revision_002']
PHASE_EXIT /public/home/accl15ptg7/auto_trace/perf_trace_batch8/runtime/workflow01-10-fresh-e2e/batch8-dp2-fresh-003/artifacts/R08/continuation_001/tools/analysis_007/audit_capture.py 0
CAPTURE_ACCEPTED 07_chunk_gated_delta_rule_fwd_kernel_h_blockdim64_pmc PREFIX 7
PHASE_START 2026-09-08T14:23:31.748637+00:00 ['/usr/bin/python3', '-B', '/public/home/accl15ptg7/auto_trace/perf_trace_batch8/runtime/workflow01-10-fresh-e2e/batch8-dp2-fresh-003/artifacts/R08/continuation_001/raw/runtime_tools/revision_018/run_capture.py', 'capture', '--segment', '08_chunk_gated_delta_rule_fwd_kernel_h_blockdim64_pmc_read', '--attempt', 'attempt_001']
Traceback (most recent call last):
  File "/public/home/accl15ptg7/run_R08_R10/run_r08_serial_suffix_007.py", line 52, in <module>
    if __name__=='__main__':main()
  File "/public/home/accl15ptg7/run_R08_R10/run_r08_serial_suffix_007.py", line 45, in main
    phase([sys.executable,'-B',str(RUNTIME/'run_capture.py'),'capture','--segment',seg,'--attempt',attempt],SCHEDULE/(seg+'.capture.log'))
  File "/public/home/accl15ptg7/run_R08_R10/run_r08_serial_suffix_007.py", line 25, in phase
    assert rc==0,'phase failed '+str(log);print('PHASE_EXIT',argv[2],rc,flush=True)
AssertionError: phase failed /public/home/accl15ptg7/auto_trace/perf_trace_batch8/runtime/workflow01-10-fresh-e2e/batch8-dp2-fresh-003/artifacts/R08/continuation_001/validation/serial_scheduler_007/08_chunk_gated_delta_rule_fwd_kernel_h_blockdim64_pmc_read.capture.log
