VERIFIED existing ARCHIVE_STREAM_SHA256
VERIFIED existing r07-local-artifacts.tar.zst.part-003
VERIFIED existing r07-local-artifacts.tar.zst.part-002
VERIFIED existing r07-local-artifacts.tar.zst.part-005
VERIFIED existing r07-local-artifacts.tar.zst.part-000
VERIFIED existing r07-local-artifacts.tar.zst.part-007
VERIFIED existing r07-local-artifacts.tar.zst.part-001
VERIFIED existing r07-local-artifacts.tar.zst.part-008
VERIFIED existing r07-local-artifacts.tar.zst.part-009
VERIFIED existing r07-local-artifacts.tar.zst.part-010
VERIFIED existing r07-local-artifacts.tar.zst.part-011
VERIFIED existing r07-local-artifacts.tar.zst.part-006
VERIFIED existing r07-local-artifacts.tar.zst.part-004
VERIFIED downloaded r07-local-artifacts.tar.zst.part-017 268435456
VERIFIED downloaded r07-local-artifacts.tar.zst.part-016 268435456
VERIFIED downloaded r07-local-artifacts.tar.zst.part-013 268435456
VERIFIED downloaded r07-local-artifacts.tar.zst.part-015 268435456
VERIFIED downloaded r07-local-artifacts.tar.zst.part-014 268435456
VERIFIED downloaded r07-local-artifacts.tar.zst.part-012 268435456
VERIFIED downloaded r07-local-artifacts.tar.zst.part-019 268435456
VERIFIED downloaded r07-local-artifacts.tar.zst.part-018 268435456
VERIFIED downloaded r07-local-artifacts.tar.zst.part-020 268435456
VERIFIED downloaded r07-local-artifacts.tar.zst.part-024 268435456
VERIFIED downloaded r07-local-artifacts.tar.zst.part-021 268435456
VERIFIED downloaded r07-local-artifacts.tar.zst.part-025 268435456
VERIFIED downloaded r07-local-artifacts.tar.zst.part-022 268435456
VERIFIED downloaded r07-local-artifacts.tar.zst.part-026 268435456
VERIFIED downloaded r07-local-artifacts.tar.zst.part-023 268435456
VERIFIED downloaded r07-local-artifacts.tar.zst.part-027 268435456
VERIFIED downloaded r07-local-artifacts.tar.zst.part-028 268435456
VERIFIED downloaded r07-local-artifacts.tar.zst.part-029 268435456
VERIFIED downloaded r07-local-artifacts.tar.zst.part-034 268435456
VERIFIED downloaded r07-local-artifacts.tar.zst.part-030 268435456
VERIFIED downloaded r07-local-artifacts.tar.zst.part-035 268435456
VERIFIED downloaded r07-local-artifacts.tar.zst.part-031 268435456
VERIFIED downloaded r07-local-artifacts.tar.zst.part-032 268435456
VERIFIED downloaded r07-local-artifacts.tar.zst.part-033 268435456
VERIFIED downloaded r07-local-artifacts.tar.zst.part-036 268435456
VERIFIED downloaded r07-local-artifacts.tar.zst.part-038 268435456
VERIFIED downloaded r07-local-artifacts.tar.zst.part-037 268435456
VERIFIED downloaded README.md 4269
VERIFIED downloaded r07-local-artifacts.tar.zst.part-040 268435456
VERIFIED downloaded r07-local-artifacts.tar.zst.part-041 268435456
VERIFIED downloaded r07-local-artifacts.tar.zst.part-039 268435456
VERIFIED downloaded r07-local-artifacts.tar.zst.part-042 268435456
VERIFIED downloaded r07-local-artifacts.tar.zst.part-043 268435456
VERIFIED downloaded r07-local-artifacts.tar.zst.part-044 143249483
ALL_DOWNLOADS_VERIFIED
