VERIFIED chat_template.jinja 7756
VERIFIED .gitattributes 3064
VERIFIED configuration.json 51
VERIFIED generation_config.json 244
VERIFIED LICENSE 11343
VERIFIED config.json 4134
VERIFIED merges.txt 3353259
VERIFIED model.safetensors-00003-of-00011.safetensors 5347741504
VERIFIED model.safetensors-00001-of-00011.safetensors 5263851872
VERIFIED model.safetensors-00002-of-00011.safetensors 5347741440
VERIFIED model.safetensors-00004-of-00011.safetensors 5347741504
VERIFIED model.safetensors-00005-of-00011.safetensors 5347741504
VERIFIED model.safetensors-00006-of-00011.safetensors 5347741504
VERIFIED model.safetensors-00007-of-00011.safetensors 5347741496
VERIFIED model.safetensors-00008-of-00011.safetensors 5368714128
VERIFIED model.safetensors.index.json 126601
VERIFIED preprocessor_config.json 390
VERIFIED README.md 92417
VERIFIED tokenizer.json 12807982
VERIFIED tokenizer_config.json 16710
VERIFIED video_preprocessor_config.json 385
VERIFIED vocab.json 6722759
VERIFIED model.safetensors-00009-of-00011.safetensors 5347745520
VERIFIED model.safetensors-00011-of-00011.safetensors 2148512760
VERIFIED model.safetensors-00010-of-00011.safetensors 5347749200
WEIGHTS_COMPLETE 55586169527
