ALL_CAPTURE_INDEX_OBSERVED_STARTING_OUTER_RESTORATION_THEN_CPU
OUTER_CPU_SUFFIX_START ['/usr/bin/python3', '-B', '/public/home/accl15ptg7/run_R08_R10/restore_all_R08_release_artifacts_002.py']
WEIGHT_REMOVED_AFTER_ALL_GPU_CAPTURES model.safetensors-00001-of-00011.safetensors 5263851872
WEIGHT_REMOVED_AFTER_ALL_GPU_CAPTURES model.safetensors-00002-of-00011.safetensors 5347741440
WEIGHT_REMOVED_AFTER_ALL_GPU_CAPTURES model.safetensors-00003-of-00011.safetensors 5347741504
WEIGHT_REMOVED_AFTER_ALL_GPU_CAPTURES model.safetensors-00004-of-00011.safetensors 5347741504
WEIGHT_REMOVED_AFTER_ALL_GPU_CAPTURES model.safetensors-00005-of-00011.safetensors 5347741504
WEIGHT_REMOVED_AFTER_ALL_GPU_CAPTURES model.safetensors-00006-of-00011.safetensors 5347741504
WEIGHT_REMOVED_AFTER_ALL_GPU_CAPTURES model.safetensors-00007-of-00011.safetensors 5347741496
WEIGHT_REMOVED_AFTER_ALL_GPU_CAPTURES model.safetensors-00008-of-00011.safetensors 5368714128
WEIGHT_REMOVED_AFTER_ALL_GPU_CAPTURES model.safetensors-00009-of-00011.safetensors 5347745520
WEIGHT_REMOVED_AFTER_ALL_GPU_CAPTURES model.safetensors-00010-of-00011.safetensors 5347749200
WEIGHT_REMOVED_AFTER_ALL_GPU_CAPTURES model.safetensors-00011-of-00011.safetensors 2148512760
RESTORE_ASSET_SHA256_VERIFIED r07-cpu-r08-first-accepted-20260908.tar.zst 874112320
R08_RAW_SOURCE_RESTORED 01__gqa6_pmc capture.db 3494068224
R08_RAW_SOURCE_RESTORED 01__gqa6_pmc events.173996.jsonl 461932493
R08_RAW_SOURCE_RESTORED 01__gqa6_pmc events.174038.jsonl 461428672
RESTORE_ASSET_SHA256_VERIFIED capture.tar.zst.part001 858816177
R08_RAW_SOURCE_RESTORED 02__gqa6_pmc_read capture.db 3492327424
R08_RAW_SOURCE_RESTORED 02__gqa6_pmc_read events.206038.jsonl 461933396
R08_RAW_SOURCE_RESTORED 02__gqa6_pmc_read events.205996.jsonl 461430360
RESTORE_ASSET_SHA256_VERIFIED capture.tar.zst.part001 855840073
R08_RAW_SOURCE_RESTORED 03__gqa6_pmc_write capture.db 3494690816
R08_RAW_SOURCE_RESTORED 03__gqa6_pmc_write events.319441.jsonl 461932965
R08_RAW_SOURCE_RESTORED 03__gqa6_pmc_write events.319440.jsonl 461429507
RESTORE_ASSET_SHA256_VERIFIED capture.tar.zst.part001 950000000
RESTORE_ASSET_SHA256_VERIFIED capture.tar.zst.part002 95078336
R08_RAW_SOURCE_RESTORED 04_triton_red_fused__to_copy_add_mean_mul_pow_rsqrt_0_pmc capture.csv 388622850
R08_RAW_SOURCE_RESTORED 04_triton_red_fused__to_copy_add_mean_mul_pow_rsqrt_0_pmc capture.db 3495989248
R08_RAW_SOURCE_RESTORED 04_triton_red_fused__to_copy_add_mean_mul_pow_rsqrt_0_pmc pmc_results_471801.txt 1517673745
R08_RAW_SOURCE_RESTORED 04_triton_red_fused__to_copy_add_mean_mul_pow_rsqrt_0_pmc pmc_results_471808.txt 1515969503
R08_RAW_SOURCE_RESTORED 04_triton_red_fused__to_copy_add_mean_mul_pow_rsqrt_0_pmc events.471808.jsonl 461999999
R08_RAW_SOURCE_RESTORED 04_triton_red_fused__to_copy_add_mean_mul_pow_rsqrt_0_pmc events.471801.jsonl 461496261
RESTORE_ASSET_SHA256_VERIFIED capture.tar.zst.part001 950000000
RESTORE_ASSET_SHA256_VERIFIED capture.tar.zst.part002 63887771
R08_RAW_SOURCE_RESTORED 05_triton_red_fused__to_copy_add_mean_mul_pow_rsqrt_0_pmc_read capture.csv 373571303
R08_RAW_SOURCE_RESTORED 05_triton_red_fused__to_copy_add_mean_mul_pow_rsqrt_0_pmc_read capture.db 3487952896
R08_RAW_SOURCE_RESTORED 05_triton_red_fused__to_copy_add_mean_mul_pow_rsqrt_0_pmc_read pmc_results_553051.txt 1566236500
R08_RAW_SOURCE_RESTORED 05_triton_red_fused__to_copy_add_mean_mul_pow_rsqrt_0_pmc_read pmc_results_553054.txt 1564696609
R08_RAW_SOURCE_RESTORED 05_triton_red_fused__to_copy_add_mean_mul_pow_rsqrt_0_pmc_read events.553054.jsonl 461999830
R08_RAW_SOURCE_RESTORED 05_triton_red_fused__to_copy_add_mean_mul_pow_rsqrt_0_pmc_read events.553051.jsonl 461495924
RESTORE_ASSET_SHA256_VERIFIED capture.tar.zst.part001 950000000
RESTORE_ASSET_SHA256_VERIFIED capture.tar.zst.part002 42805545
R08_RAW_SOURCE_RESTORED 06_triton_red_fused__to_copy_add_mean_mul_pow_rsqrt_0_pmc_write capture.csv 386871460
R08_RAW_SOURCE_RESTORED 06_triton_red_fused__to_copy_add_mean_mul_pow_rsqrt_0_pmc_write capture.db 3497369600
R08_RAW_SOURCE_RESTORED 06_triton_red_fused__to_copy_add_mean_mul_pow_rsqrt_0_pmc_write pmc_results_620496.txt 1576954157
R08_RAW_SOURCE_RESTORED 06_triton_red_fused__to_copy_add_mean_mul_pow_rsqrt_0_pmc_write pmc_results_620502.txt 1576083045
R08_RAW_SOURCE_RESTORED 06_triton_red_fused__to_copy_add_mean_mul_pow_rsqrt_0_pmc_write events.620502.jsonl 461999506
R08_RAW_SOURCE_RESTORED 06_triton_red_fused__to_copy_add_mean_mul_pow_rsqrt_0_pmc_write events.620496.jsonl 461495513
RESTORE_ASSET_SHA256_VERIFIED capture.tar.zst.part001 881558091
R08_RAW_SOURCE_RESTORED 07_chunk_gated_delta_rule_fwd_kernel_h_blockdim64_pmc capture.db 3489898496
R08_RAW_SOURCE_RESTORED 07_chunk_gated_delta_rule_fwd_kernel_h_blockdim64_pmc events.687557.jsonl 461936005
R08_RAW_SOURCE_RESTORED 07_chunk_gated_delta_rule_fwd_kernel_h_blockdim64_pmc events.687560.jsonl 461431263
RESTORE_ASSET_SHA256_VERIFIED capture.tar.zst.part001 871576123
R08_RAW_SOURCE_RESTORED 08_chunk_gated_delta_rule_fwd_kernel_h_blockdim64_pmc_read capture.db 3489165312
R08_RAW_SOURCE_RESTORED 08_chunk_gated_delta_rule_fwd_kernel_h_blockdim64_pmc_read events.750538.jsonl 461935862
R08_RAW_SOURCE_RESTORED 08_chunk_gated_delta_rule_fwd_kernel_h_blockdim64_pmc_read events.750535.jsonl 461431731
RESTORE_ASSET_SHA256_VERIFIED capture.tar.zst.part001 950000000
RESTORE_ASSET_SHA256_VERIFIED capture.tar.zst.part002 756021737
R08_RAW_SOURCE_RESTORED 09_chunk_gated_delta_rule_fwd_kernel_h_blockdim64_pmc_write capture.db 3543883776
R08_RAW_SOURCE_RESTORED 09_chunk_gated_delta_rule_fwd_kernel_h_blockdim64_pmc_write capture.db 1769570304
R08_RAW_SOURCE_RESTORED 09_chunk_gated_delta_rule_fwd_kernel_h_blockdim64_pmc_write capture.db 1774333952
R08_RAW_SOURCE_RESTORED 09_chunk_gated_delta_rule_fwd_kernel_h_blockdim64_pmc_write events.930501.jsonl 461931669
R08_RAW_SOURCE_RESTORED 09_chunk_gated_delta_rule_fwd_kernel_h_blockdim64_pmc_write events.930503.jsonl 461427786
RESTORE_ASSET_SHA256_VERIFIED capture.tar.zst.part001 950000000
RESTORE_ASSET_SHA256_VERIFIED capture.tar.zst.part002 701543692
R08_RAW_SOURCE_RESTORED 10_chunk_fwd_kernel_o_pmc capture.db 3404304384
R08_RAW_SOURCE_RESTORED 10_chunk_fwd_kernel_o_pmc capture.db 1699680256
R08_RAW_SOURCE_RESTORED 10_chunk_fwd_kernel_o_pmc capture.db 1704644608
R08_RAW_SOURCE_RESTORED 10_chunk_fwd_kernel_o_pmc events.982062.jsonl 461931900
R08_RAW_SOURCE_RESTORED 10_chunk_fwd_kernel_o_pmc events.982060.jsonl 461427850
RESTORE_ASSET_SHA256_VERIFIED capture.tar.zst.part001 950000000
RESTORE_ASSET_SHA256_VERIFIED capture.tar.zst.part002 697555227
R08_RAW_SOURCE_RESTORED 11_chunk_fwd_kernel_o_pmc_read capture.db 3403972608
R08_RAW_SOURCE_RESTORED 11_chunk_fwd_kernel_o_pmc_read capture.db 1696690176
R08_RAW_SOURCE_RESTORED 11_chunk_fwd_kernel_o_pmc_read capture.db 1707307008
R08_RAW_SOURCE_RESTORED 11_chunk_fwd_kernel_o_pmc_read events.1029916.jsonl 462623292
R08_RAW_SOURCE_RESTORED 11_chunk_fwd_kernel_o_pmc_read events.1029918.jsonl 462117804
RESTORE_ASSET_SHA256_VERIFIED capture.tar.zst.part001 950000000
RESTORE_ASSET_SHA256_VERIFIED capture.tar.zst.part002 695943956
R08_RAW_SOURCE_RESTORED 12_chunk_fwd_kernel_o_pmc_write capture.db 3402760192
R08_RAW_SOURCE_RESTORED 12_chunk_fwd_kernel_o_pmc_write capture.db 1699852288
R08_RAW_SOURCE_RESTORED 12_chunk_fwd_kernel_o_pmc_write capture.db 1702928384
R08_RAW_SOURCE_RESTORED 12_chunk_fwd_kernel_o_pmc_write events.1077229.jsonl 462623185
R08_RAW_SOURCE_RESTORED 12_chunk_fwd_kernel_o_pmc_write events.1077231.jsonl 462118125
ALL_R08_RELEASE_EVICTIONS_RESTORED_AND_VERIFIED
OUTER_CPU_SUFFIX_EXIT ['/usr/bin/python3', '-B', '/public/home/accl15ptg7/run_R08_R10/restore_all_R08_release_artifacts_002.py']
OUTER_CPU_SUFFIX_START ['/usr/bin/python3', '-B', '/public/home/accl15ptg7/run_R08_R10/prepare_stage_assignments_003.py', 'assign', 'R08']
PREFIX_FULL_MANIFEST_REHASHED R08 R01 73
PREFIX_FULL_MANIFEST_REHASHED R08 R02 1437
PREFIX_FULL_MANIFEST_REHASHED R08 R03 17182
Traceback (most recent call last):
  File "/public/home/accl15ptg7/run_R08_R10/run_closed_R08_to_R10_002.py", line 20, in <module>
    if __name__=='__main__':main()
  File "/public/home/accl15ptg7/run_R08_R10/run_closed_R08_to_R10_002.py", line 14, in main
    run([PY,'-B',str(CONTROL/'prepare_stage_assignments_003.py'),'assign','R08']);phase(r08,'resource_model',r08/'tools/analysis_006/build_resource_model.py');phase(r08,'resource_audit',r08/'tools/analysis_006/audit_resource_model.py');phase(r08,'seal',r08/'tools/closure_001/seal_r08.py');phase(r08,'completion_audit',r08/'tools/closure_001/audit_r08.py');run([PY,'-B',str(CONTROL/'prepare_stage_assignments_003.py'),'handoff','R08'])
  File "/public/home/accl15ptg7/run_R08_R10/run_closed_R08_to_R10_002.py", line 7, in run
    assert time.time()<DEADLINE-120,'machine time reserve';print('OUTER_CPU_SUFFIX_START',argv,flush=True);p=subprocess.run(argv,timeout=max(1,DEADLINE-120-time.time()));assert p.returncode==0,'preserve failed phase without promotion';print('OUTER_CPU_SUFFIX_EXIT',argv,flush=True)
AssertionError: preserve failed phase without promotion
OUTER_CPU_SUFFIX_EXIT 1
