STREAM_UPLOAD_BEGIN REQUEST_COVERAGE.html 913175 attempt 1
SENT REQUEST_COVERAGE.html 913175 913175
SERVER_SHA256_VERIFIED REQUEST_COVERAGE.html sha256:af3a788268b3a324c5f8ea9261a6156b128eb625197c4dcc33806ea887114e3c
STREAM_UPLOAD_BEGIN REQUEST_VIEW_SCOPE.json 4417 attempt 1
SENT REQUEST_VIEW_SCOPE.json 4417 4417
SERVER_SHA256_VERIFIED REQUEST_VIEW_SCOPE.json sha256:d63ce88effbdd2abd075edb796a0db06c395b42d2579302bdd65c1fe040a4f6e
STREAM_UPLOAD_BEGIN request_coverage_trimmed.png 198728 attempt 1
SENT request_coverage_trimmed.png 198728 198728
SERVER_SHA256_VERIFIED request_coverage_trimmed.png sha256:6e8b9912736b36952566178a43f4877e446e491cf88061960cd55a315d6becff
STREAM_UPLOAD_BEGIN high_first_group.png 357663 attempt 1
SENT high_first_group.png 357663 357663
SERVER_SHA256_VERIFIED high_first_group.png sha256:da10095d42519af6cbf67a7e4da2a7f443d67204660bf4b623f32b0b34d12a5c
STREAM_UPLOAD_BEGIN dual_first.png 303239 attempt 1
SENT dual_first.png 303239 303239
SERVER_SHA256_VERIFIED dual_first.png sha256:bd5a826d780ac5ea9eeed60b22f3053f7b28313e6d02ba8bb0233e3b79839cae
STREAM_UPLOAD_BEGIN E2E_PROCESS_TIMELINE_LOSSLESS.html 56071600 attempt 1
SENT E2E_PROCESS_TIMELINE_LOSSLESS.html 33554432 56071600
SENT E2E_PROCESS_TIMELINE_LOSSLESS.html 56071600 56071600
SERVER_SHA256_VERIFIED E2E_PROCESS_TIMELINE_LOSSLESS.html sha256:2ae368d5679c09be481172150d7c5bc3411834b30ea12e283af9e47d4aa9f4a4
STREAM_UPLOAD_BEGIN HIGH_LATENCY_PROCESS_HARDWARE_TIMELINE.html 117910485 attempt 1
SENT HIGH_LATENCY_PROCESS_HARDWARE_TIMELINE.html 33554432 117910485
SENT HIGH_LATENCY_PROCESS_HARDWARE_TIMELINE.html 67108864 117910485
SENT HIGH_LATENCY_PROCESS_HARDWARE_TIMELINE.html 100663296 117910485
SENT HIGH_LATENCY_PROCESS_HARDWARE_TIMELINE.html 117910485 117910485
SERVER_SHA256_VERIFIED HIGH_LATENCY_PROCESS_HARDWARE_TIMELINE.html sha256:a5bc4d0fa6fe8e7391a052c4f2c591cd32d43e7f36b935330b7ac3e19a417e92
STREAM_UPLOAD_BEGIN CONCURRENCY_UTILIZATION.html 247649054 attempt 1
SENT CONCURRENCY_UTILIZATION.html 33554432 247649054
SENT CONCURRENCY_UTILIZATION.html 67108864 247649054
SENT CONCURRENCY_UTILIZATION.html 100663296 247649054
SENT CONCURRENCY_UTILIZATION.html 134217728 247649054
SENT CONCURRENCY_UTILIZATION.html 167772160 247649054
SENT CONCURRENCY_UTILIZATION.html 201326592 247649054
SENT CONCURRENCY_UTILIZATION.html 234881024 247649054
SENT CONCURRENCY_UTILIZATION.html 247649054 247649054
SERVER_SHA256_VERIFIED CONCURRENCY_UTILIZATION.html sha256:c0eb6b69ffbfd611fa46597ae69a0f62ab43d395adef4501223f89dc4798b6c6
STREAM_UPLOAD_BEGIN R10_ranked_folded_timelines.zip.part003 67108864 attempt 1
STREAM_UPLOAD_BEGIN STREAM_UPLOAD_BEGIN R10_ranked_folded_timelines.zip.part001R10_ranked_folded_timelines.zip.part002  6710886467108864  attemptattempt  11

SENT R10_ranked_folded_timelines.zip.part002 33554432 67108864
SENT R10_ranked_folded_timelines.zip.part003 33554432 67108864
SENT R10_ranked_folded_timelines.zip.part001 33554432 67108864
SENT R10_ranked_folded_timelines.zip.part002 67108864 67108864
SENT R10_ranked_folded_timelines.zip.part003 67108864 67108864
SENT R10_ranked_folded_timelines.zip.part001 67108864 67108864
SERVER_SHA256_VERIFIED R10_ranked_folded_timelines.zip.part001 sha256:3b73c338422d2f62c92c10ec1b2e4f148dd49ac859e551c4226ac888c603e85e
STREAM_UPLOAD_BEGIN R10_ranked_folded_timelines.zip.part004 67108864 attempt 1
SERVER_SHA256_VERIFIED R10_ranked_folded_timelines.zip.part002 sha256:e07ec48a32b07a1d1f65c8a90b21d4ce95e7cb9f321611cb2e6333be997d2f18
STREAM_UPLOAD_BEGIN R10_ranked_folded_timelines.zip.part005 67108864 attempt 1
SENT R10_ranked_folded_timelines.zip.part005 33554432 67108864
SENT R10_ranked_folded_timelines.zip.part004 33554432 67108864
SERVER_SHA256_VERIFIED R10_ranked_folded_timelines.zip.part003 sha256:53b5764f7b9402766dd2119fe6bcc0e3c47f5a97bd59a905ba7239f3bda246bf
STREAM_UPLOAD_BEGIN R10_ranked_folded_timelines.zip.part006 67108864 attempt 1
SENT R10_ranked_folded_timelines.zip.part006 33554432 67108864
SENT R10_ranked_folded_timelines.zip.part005 67108864 67108864
SENT R10_ranked_folded_timelines.zip.part004 67108864 67108864
SENT R10_ranked_folded_timelines.zip.part006 67108864 67108864
SERVER_SHA256_VERIFIED R10_ranked_folded_timelines.zip.part005 sha256:6438ef209570b020dc49c5a32878bbdee7449dbd8a1d5a6b2099a64f226d9ceb
STREAM_UPLOAD_BEGIN R10_ranked_folded_timelines.zip.part007 67108864 attempt 1
SERVER_SHA256_VERIFIED R10_ranked_folded_timelines.zip.part004 sha256:d0d6a2ee0c6e9dc2b9be03961eeaeb2c9993772a030d8a48d4f0172f816a6efd
STREAM_UPLOAD_BEGIN R10_ranked_folded_timelines.zip.part008 67108864 attempt 1
SENT R10_ranked_folded_timelines.zip.part007 33554432 67108864
SENT R10_ranked_folded_timelines.zip.part008 33554432 67108864
SENT R10_ranked_folded_timelines.zip.part007 67108864 67108864
SENT R10_ranked_folded_timelines.zip.part008 67108864 67108864
SERVER_SHA256_VERIFIED R10_ranked_folded_timelines.zip.part006 sha256:67ff299215e4db390eb7e5bea59d63c221e510a4676297d42658558b10e8e4c7
STREAM_UPLOAD_BEGIN R10_ranked_folded_timelines.zip.part009 67108864 attempt 1
SENT R10_ranked_folded_timelines.zip.part009 33554432 67108864
SENT R10_ranked_folded_timelines.zip.part009 67108864 67108864
SERVER_SHA256_VERIFIED R10_ranked_folded_timelines.zip.part007 sha256:b2e9ea85810c403a73c1717909f09e87fcc8bad36af815f6a4d32cfc655d2188
STREAM_UPLOAD_BEGIN R10_ranked_folded_timelines.zip.part010 67108864 attempt 1
SENT R10_ranked_folded_timelines.zip.part010 33554432 67108864
SERVER_SHA256_VERIFIED R10_ranked_folded_timelines.zip.part008 sha256:231f29800bc3a7a27f7bf411e0545f046c6d2e347b1cbce5ddec7916f2b0a9ec
STREAM_UPLOAD_BEGIN R10_ranked_folded_timelines.zip.part011 67108864 attempt 1
SERVER_SHA256_VERIFIED R10_ranked_folded_timelines.zip.part009 sha256:cd2ca9446173cc234cffd6b7c008bd2d977a8f162ede9c25174b68b184e5de05
STREAM_UPLOAD_BEGIN R10_ranked_folded_timelines.zip.part012 67108864 attempt 1
SENT R10_ranked_folded_timelines.zip.part012 33554432 67108864
SENT R10_ranked_folded_timelines.zip.part011 33554432 67108864
SENT R10_ranked_folded_timelines.zip.part010 67108864 67108864
SENT R10_ranked_folded_timelines.zip.part012 67108864 67108864
SENT R10_ranked_folded_timelines.zip.part011 67108864 67108864
SERVER_SHA256_VERIFIED R10_ranked_folded_timelines.zip.part010 sha256:cf543d3afdec79913096adb130d866caa5a5407525ce60717b09b17c655717e9
STREAM_UPLOAD_BEGIN R10_ranked_folded_timelines.zip.part013 67108864 attempt 1
SENT R10_ranked_folded_timelines.zip.part013 33554432 67108864
SERVER_SHA256_VERIFIED R10_ranked_folded_timelines.zip.part011 sha256:5137b9cc01626a5e5197a644b9fb792f019af0a3153799d8874fdf6c9ed41a2c
STREAM_UPLOAD_BEGIN R10_ranked_folded_timelines.zip.part014 67108864 attempt 1
SENT R10_ranked_folded_timelines.zip.part014 33554432 67108864
SENT R10_ranked_folded_timelines.zip.part013 67108864 67108864
SENT R10_ranked_folded_timelines.zip.part014 67108864 67108864
SERVER_SHA256_VERIFIED R10_ranked_folded_timelines.zip.part013 sha256:2b8543eb7237d2aaaa838397af7557b88b670f74b5c58e363f48dfe3fb113e64
STREAM_UPLOAD_BEGIN R10_ranked_folded_timelines.zip.part015 67108864 attempt 1
SENT R10_ranked_folded_timelines.zip.part015 33554432 67108864
SERVER_SHA256_VERIFIED R10_ranked_folded_timelines.zip.part012 sha256:df3426d4e6f9e00c1b268dd43dbfcd355c23adf468b49b460944b7ef0eb3cd79
STREAM_UPLOAD_BEGIN R10_ranked_folded_timelines.zip.part016 67108864 attempt 1
SERVER_SHA256_VERIFIED R10_ranked_folded_timelines.zip.part014 sha256:f4272ebd465bda3b9fc4022fcea3dbcfdfc9416566df2c31a50c5871bc390baf
STREAM_UPLOAD_BEGIN R10_ranked_folded_timelines.zip.part017 67108864 attempt 1
SENT R10_ranked_folded_timelines.zip.part015 67108864 67108864
SENT R10_ranked_folded_timelines.zip.part016 33554432 67108864
SENT R10_ranked_folded_timelines.zip.part017 33554432 67108864
SERVER_SHA256_VERIFIED R10_ranked_folded_timelines.zip.part015 sha256:87ed6199a7970d3c2b7d4fdf0550a7ad3348a664cfee4fc23933ffba143c850d
STREAM_UPLOAD_BEGIN R10_ranked_folded_timelines.zip.part018 67108864 attempt 1
SENT R10_ranked_folded_timelines.zip.part016 67108864 67108864
SENT R10_ranked_folded_timelines.zip.part017 67108864 67108864
SENT R10_ranked_folded_timelines.zip.part018 33554432 67108864
SERVER_SHA256_VERIFIED R10_ranked_folded_timelines.zip.part016 sha256:9bd147eecd656b4a5140407417135f6d775e6ab7ba31747d4f8ff018b7545725
STREAM_UPLOAD_BEGIN R10_ranked_folded_timelines.zip.part019 67108864 attempt 1
SERVER_SHA256_VERIFIED R10_ranked_folded_timelines.zip.part017 sha256:b4b3bca552aef7f4a0bb06bc694fb2c931a00c39436bc643c948da9a81a2ec61
STREAM_UPLOAD_BEGIN R10_ranked_folded_timelines.zip.part020 67108864 attempt 1
SENT R10_ranked_folded_timelines.zip.part018 67108864 67108864
SENT R10_ranked_folded_timelines.zip.part019 33554432 67108864
SENT R10_ranked_folded_timelines.zip.part020 33554432 67108864
SENT R10_ranked_folded_timelines.zip.part019 67108864 67108864
SENT R10_ranked_folded_timelines.zip.part020 67108864 67108864
SERVER_SHA256_VERIFIED R10_ranked_folded_timelines.zip.part019 sha256:fb82c02fe5fb0f8dbc18955e0346a4535363f0084dfe6fd15efb9154e58d5745
STREAM_UPLOAD_BEGIN R10_ranked_folded_timelines.zip.part021 67108864 attempt 1
SENT R10_ranked_folded_timelines.zip.part021 33554432 67108864
SERVER_SHA256_VERIFIED R10_ranked_folded_timelines.zip.part020 sha256:62b4e6d75da52731e0a394645b70dbeeeb84f1773a951c7d8d634cfde46d2b3a
STREAM_UPLOAD_BEGIN R10_ranked_folded_timelines.zip.part022 67108864 attempt 1
SERVER_SHA256_VERIFIED R10_ranked_folded_timelines.zip.part018 sha256:f22dbad934b0488d8016cd92f83c1d917aad3d8d8a91c1c570f9d1837070ce8a
STREAM_UPLOAD_BEGIN R10_ranked_folded_timelines.zip.part023 67108864 attempt 1
SENT R10_ranked_folded_timelines.zip.part022 33554432 67108864
SENT R10_ranked_folded_timelines.zip.part021 67108864 67108864
SENT R10_ranked_folded_timelines.zip.part023 33554432 67108864
SENT R10_ranked_folded_timelines.zip.part022 67108864 67108864
SENT R10_ranked_folded_timelines.zip.part023 67108864 67108864
SERVER_SHA256_VERIFIED R10_ranked_folded_timelines.zip.part021 sha256:dc23f61d47cf8676943123454753652ea2622ee31e73b89af3e44c11531e65f3
STREAM_UPLOAD_BEGIN R10_ranked_folded_timelines.zip.part024 67108864 attempt 1
SENT R10_ranked_folded_timelines.zip.part024 33554432 67108864
SERVER_SHA256_VERIFIED R10_ranked_folded_timelines.zip.part023 sha256:c296f4425cd1239534f19a9349a70112d70d522c74b367f01daec1d79da6b67f
STREAM_UPLOAD_BEGIN R10_ranked_folded_timelines.zip.part025 67108864 attempt 1
SENT R10_ranked_folded_timelines.zip.part025 33554432 67108864
SENT R10_ranked_folded_timelines.zip.part024 67108864 67108864
SENT R10_ranked_folded_timelines.zip.part025 67108864 67108864
SERVER_SHA256_VERIFIED R10_ranked_folded_timelines.zip.part022 sha256:23542ca454c082d92b588fded98e73f4127095df6d39c2629b80f154daa0767a
STREAM_UPLOAD_BEGIN R10_ranked_folded_timelines.zip.part026 67108864 attempt 1
SERVER_SHA256_VERIFIED R10_ranked_folded_timelines.zip.part024 sha256:2fe8a7e4dd5ece06627cc638d0e593f8be439cd4bbf917a9136b7ac2c10da3c8
STREAM_UPLOAD_BEGIN R10_ranked_folded_timelines.zip.part027 67108864 attempt 1
SENT R10_ranked_folded_timelines.zip.part026 33554432 67108864
SENT R10_ranked_folded_timelines.zip.part027 33554432 67108864
SENT R10_ranked_folded_timelines.zip.part026 67108864 67108864
SERVER_SHA256_VERIFIED R10_ranked_folded_timelines.zip.part025 sha256:86f4ccff12df78de1edc6857a851452ae6efa32680c43b793d1ed33dbb29273a
STREAM_UPLOAD_BEGIN R10_ranked_folded_timelines.zip.part028 284632 attempt 1
SENT R10_ranked_folded_timelines.zip.part028 284632 284632
SENT R10_ranked_folded_timelines.zip.part027 67108864 67108864
SERVER_SHA256_VERIFIED R10_ranked_folded_timelines.zip.part028 sha256:a1b0529afc02ac836eefcc2d2c7eeb09d737f8c8a6669e16f47207029b9a6d60
SERVER_SHA256_VERIFIED R10_ranked_folded_timelines.zip.part026 sha256:8c434e58508c3511201f1bb3d4a3fb17d7e38e170463149757ccefd7b79a042f
SERVER_SHA256_VERIFIED R10_ranked_folded_timelines.zip.part027 sha256:3f1e97428ae354831c486372775356f182e7101869c62965a65033d8989bbbc3
STREAM_UPLOAD_BEGIN PARTS_MANIFEST.json 5345 attempt 1
SENT PARTS_MANIFEST.json 5345 5345
SERVER_SHA256_VERIFIED PARTS_MANIFEST.json sha256:bb87998a25510f0c665ad76536531e7770a8bf643d4dff649cdbcbfb0d2e3b53
STREAM_UPLOAD_BEGIN RESTORE_R10.py 1311 attempt 1
SENT RESTORE_R10.py 1311 1311
SERVER_SHA256_VERIFIED RESTORE_R10.py sha256:3b64fa305dd269648601643be72fb4bf1588b89a8073053eb6e599c629a3ccb0
STREAM_UPLOAD_BEGIN FILE_MANIFEST.json 29792 attempt 1
SENT FILE_MANIFEST.json 29792 29792
SERVER_SHA256_VERIFIED FILE_MANIFEST.json sha256:5975249b2c38d4dda5c121739d13efc6ee7bc813a3b368554ce00af050713d6c
STREAM_UPLOAD_BEGIN SHA256SUMS_SPLIT 3967 attempt 1
SENT SHA256SUMS_SPLIT 3967 3967
SERVER_SHA256_VERIFIED SHA256SUMS_SPLIT sha256:c5767112e111cfdb947602419710b5b5ee8ed4ba6cb266e341a8d216529d1004
RELEASE_COMPLETE https://github.com/cspool/auto_trace/releases/tag/perf-trace-batch8-r10-ranked-timelines-20260909-v1
