R08_MODEL_INITIALIZING 04_triton_red_fused__to_copy_add_mean_mul_pow_rsqrt_0_pmc 30 seconds
R08_MODEL_INITIALIZING 04_triton_red_fused__to_copy_add_mean_mul_pow_rsqrt_0_pmc 60 seconds
R08_MODEL_INITIALIZING 04_triton_red_fused__to_copy_add_mean_mul_pow_rsqrt_0_pmc 90 seconds
R08_MODEL_INITIALIZING 04_triton_red_fused__to_copy_add_mean_mul_pow_rsqrt_0_pmc 120 seconds
R08_MODEL_INITIALIZING 04_triton_red_fused__to_copy_add_mean_mul_pow_rsqrt_0_pmc 150 seconds
R08_MODEL_INITIALIZING 04_triton_red_fused__to_copy_add_mean_mul_pow_rsqrt_0_pmc 180 seconds
R08_MODEL_INITIALIZING 04_triton_red_fused__to_copy_add_mean_mul_pow_rsqrt_0_pmc 210 seconds
R08_MODEL_INITIALIZING 04_triton_red_fused__to_copy_add_mean_mul_pow_rsqrt_0_pmc 240 seconds
R08_MODEL_INITIALIZING 04_triton_red_fused__to_copy_add_mean_mul_pow_rsqrt_0_pmc 270 seconds
R08_MODEL_INITIALIZING 04_triton_red_fused__to_copy_add_mean_mul_pow_rsqrt_0_pmc 300 seconds
R08_MODEL_INITIALIZING 04_triton_red_fused__to_copy_add_mean_mul_pow_rsqrt_0_pmc 330 seconds
R08_MODEL_INITIALIZING 04_triton_red_fused__to_copy_add_mean_mul_pow_rsqrt_0_pmc 360 seconds
R08_MODEL_INITIALIZING 04_triton_red_fused__to_copy_add_mean_mul_pow_rsqrt_0_pmc 390 seconds
R08_MODEL_INITIALIZING 04_triton_red_fused__to_copy_add_mean_mul_pow_rsqrt_0_pmc 420 seconds
R08_MODEL_READY 04_triton_red_fused__to_copy_add_mean_mul_pow_rsqrt_0_pmc 424.49
Traceback (most recent call last):
  File "/public/home/accl15ptg7/auto_trace/perf_trace_batch8/runtime/workflow01-10-fresh-e2e/batch8-dp2-fresh-003/artifacts/R08/continuation_001/raw/runtime_tools/revision_016/run_capture.py", line 154, in <module>
    if __name__=='__main__':main()
  File "/public/home/accl15ptg7/auto_trace/perf_trace_batch8/runtime/workflow01-10-fresh-e2e/batch8-dp2-fresh-003/artifacts/R08/continuation_001/raw/runtime_tools/revision_016/run_capture.py", line 151, in main
    tracee(args)
  File "/public/home/accl15ptg7/auto_trace/perf_trace_batch8/runtime/workflow01-10-fresh-e2e/batch8-dp2-fresh-003/artifacts/R08/continuation_001/raw/runtime_tools/revision_016/run_capture.py", line 92, in tracee
    require(rc==0,'full batch8 workload failed')
  File "/public/home/accl15ptg7/r08_continuation_001_NFS_bulk/raw/runtime_tools/revision_016/r08_native.py", line 23, in require
    if not condition:raise ValueError(message)
ValueError: full batch8 workload failed
[31mHIP_PROF [2026-09-08 17:43:15.653855] [353992] [ERROR]: exited with status: 1
[m
HIP_PROF:on Tue Sep  8 17:28:09 2026
HIP_PROF:process id '353988'
HIP_PROF:db file '/public/home/accl15ptg7/auto_trace/perf_trace_batch8/runtime/workflow01-10-fresh-e2e/batch8-dp2-fresh-003/artifacts/R08/continuation_001/raw/captures/04_triton_red_fused__to_copy_add_mean_mul_pow_rsqrt_0_pmc/attempt_001/capture.db'
HIP_PROF:out put file '/public/home/accl15ptg7/auto_trace/perf_trace_batch8/runtime/workflow01-10-fresh-e2e/batch8-dp2-fresh-003/artifacts/R08/continuation_001/raw/captures/04_triton_red_fused__to_copy_add_mean_mul_pow_rsqrt_0_pmc/attempt_001/capture'
HIP_PROF:profiling ' /usr/bin/python3 -B /public/home/accl15ptg7/auto_trace/perf_trace_batch8/runtime/workflow01-10-fresh-e2e/batch8-dp2-fresh-003/artifacts/R08/continuation_001/raw/runtime_tools/revision_016/run_capture.py tracee --pass-root /public/home/accl15ptg7/auto_trace/perf_trace_batch8/runtime/workflow01-10-fresh-e2e/batch8-dp2-fresh-003/artifacts/R08/continuation_001/raw/captures/04_triton_red_fused__to_copy_add_mean_mul_pow_rsqrt_0_pmc/attempt_001 --segment 04_triton_red_fused__to_copy_add_mean_mul_pow_rsqrt_0_pmc'
HIP_PROF:process begin
HIP_PROF:process end run total cost:906(s)
HIP_PROF:finish
