ZIP_ALL_MEMBERS_VERIFIED 91490200 ad6989230f4721c61ffca41ca0c36aae614edacaa6a4a9f9bbafa9f2fcde6225
UPLOAD_BEGIN PerfTrace_single_batch_R10_ranked_timelines.zip 1
SENT PerfTrace_single_batch_R10_ranked_timelines.zip 33554432 91490200
SENT PerfTrace_single_batch_R10_ranked_timelines.zip 67108864 91490200
SENT PerfTrace_single_batch_R10_ranked_timelines.zip 91490200 91490200
SERVER_SHA256_VERIFIED PerfTrace_single_batch_R10_ranked_timelines.zip sha256:ad6989230f4721c61ffca41ca0c36aae614edacaa6a4a9f9bbafa9f2fcde6225
UPLOAD_BEGIN FILE_MANIFEST.json 1
SENT FILE_MANIFEST.json 7090 7090
SERVER_SHA256_VERIFIED FILE_MANIFEST.json sha256:6b419956676cefeae347f9948630585afd13b76878587a98d41e783f371f9d6d
UPLOAD_BEGIN SHA256SUMS 1
SENT SHA256SUMS 199 199
SERVER_SHA256_VERIFIED SHA256SUMS sha256:75797ef29ebd4508e36375866a9efcbd9dd1cf884c92756e4ab755aa4d614a14
UPLOAD_BEGIN SOURCE_AND_SCOPE.json 1
SENT SOURCE_AND_SCOPE.json 11957 11957
SERVER_SHA256_VERIFIED SOURCE_AND_SCOPE.json sha256:a56aec5c917dc16ab95269663641d04ddafcac75d92f369db7bc2767672a8d5b
UPLOAD_BEGIN HIGH_LATENCY_PROCESS_HARDWARE_TIMELINE.html 1
SENT HIGH_LATENCY_PROCESS_HARDWARE_TIMELINE.html 33554432 36578563
SENT HIGH_LATENCY_PROCESS_HARDWARE_TIMELINE.html 36578563 36578563
SERVER_SHA256_VERIFIED HIGH_LATENCY_PROCESS_HARDWARE_TIMELINE.html sha256:b3984d73753c47ad807566bb4dfb0faa5ff1233fd55cc75bbcab5c320641d0f7
UPLOAD_BEGIN CONCURRENCY_UTILIZATION.html 1
SENT CONCURRENCY_UTILIZATION.html 33554432 108328136
SENT CONCURRENCY_UTILIZATION.html 67108864 108328136
SENT CONCURRENCY_UTILIZATION.html 100663296 108328136
SENT CONCURRENCY_UTILIZATION.html 108328136 108328136
SERVER_SHA256_VERIFIED CONCURRENCY_UTILIZATION.html sha256:b5701390c4ad40b7309d8412e9970fe6faba2af8792b301cfa4a5657009ef6df
UPLOAD_BEGIN E2E_PROCESS_TIMELINE_LOSSLESS.html 1
SENT E2E_PROCESS_TIMELINE_LOSSLESS.html 33554432 187013533
SENT E2E_PROCESS_TIMELINE_LOSSLESS.html 67108864 187013533
SENT E2E_PROCESS_TIMELINE_LOSSLESS.html 100663296 187013533
SENT E2E_PROCESS_TIMELINE_LOSSLESS.html 134217728 187013533
SENT E2E_PROCESS_TIMELINE_LOSSLESS.html 167772160 187013533
SENT E2E_PROCESS_TIMELINE_LOSSLESS.html 187013533 187013533
SERVER_SHA256_VERIFIED E2E_PROCESS_TIMELINE_LOSSLESS.html sha256:ce895d4d320ca2ff81787a6a66501e3891c09dfa346fd55e92384a24bd5768b9
UPLOAD_BEGIN high_group.png 1
SENT high_group.png 79240 79240
SERVER_SHA256_VERIFIED high_group.png sha256:0c4a368219efe56ba945ada223ec8dce5951c4d0f2268a60b1e13b0133446173
UPLOAD_BEGIN concurrency_detail.png 1
SENT concurrency_detail.png 57809 57809
SERVER_SHA256_VERIFIED concurrency_detail.png sha256:9e0901fbe9571bc36675c093098433c56bc3f1f52f58645f529b5799575bdd1f
RELEASE_COMPLETE https://github.com/cspool/auto_trace/releases/tag/perf-trace-r10-ranked-timelines-20260909-v1
